Archive member included because of file (symbol)

/opt/microchip/xc32/v2.50/bin/bin/../../lib/gcc/pic32mx/4.8.3/../../../../pic32mx/lib/fpu64/libpic32.a(default-on-reset.o)
                              /tmp/ccRwr1tr.o (_on_reset)
/opt/microchip/xc32/v2.50/bin/bin/../../lib/gcc/pic32mx/4.8.3/../../../../pic32mx/lib/fpu64/libpic32.a(default-on-bootstrap.o)
                              /tmp/ccRwr1tr.o (_on_bootstrap)
/opt/microchip/xc32/v2.50/bin/bin/../../lib/gcc/pic32mx/4.8.3/../../../../pic32mx/lib/fpu64/libpic32.a(default-nmi-handler.o)
                              /tmp/ccRwr1tr.o (_nmi_handler)
/opt/microchip/xc32/v2.50/bin/bin/../../lib/gcc/pic32mx/4.8.3/../../../../pic32mx/lib/fpu64/libpic32.a(pic32_data_init.o)
                              /tmp/ccRwr1tr.o (__pic32_data_init)
/opt/microchip/xc32/v2.50/bin/bin/../../lib/gcc/pic32mx/4.8.3/../../../../pic32mx/lib/fpu64/libpic32.a(general-exception.o)
                              /tmp/ccRwr1tr.o (_general_exception_context)
/opt/microchip/xc32/v2.50/bin/bin/../../lib/gcc/pic32mx/4.8.3/../../../../pic32mx/lib/fpu64/libpic32.a(defaultinterrupt.o)
                              /tmp/ccXRYAx1.o (_DefaultInterrupt)
/opt/microchip/xc32/v2.50/bin/bin/../../lib/gcc/pic32mx/4.8.3/../../../../pic32mx/lib/fpu64/libmfd.a(s_cos.o)
                              build/V3_MCF1024/production/_ext/1200941409/state_engine.o (_cosx)
/opt/microchip/xc32/v2.50/bin/bin/../../lib/gcc/pic32mx/4.8.3/../../../../pic32mx/lib/fpu64/libmfd.a(s_fabs.o)
                              build/V3_MCF1024/production/_ext/1375476428/fastmath.o (_fabsx)
/opt/microchip/xc32/v2.50/bin/bin/../../lib/gcc/pic32mx/4.8.3/../../../../pic32mx/lib/fpu64/libmfd.a(s_sin.o)
                              build/V3_MCF1024/production/_ext/1200941409/state_engine.o (_sinx)
/opt/microchip/xc32/v2.50/bin/bin/../../lib/gcc/pic32mx/4.8.3/../../../../pic32mx/lib/fpu64/libmfd.a(pic32_w_sqrt.o)
                              build/V3_MCF1024/production/_ext/1639450193/driver_ADC.o (_sqrtx)
/opt/microchip/xc32/v2.50/bin/bin/../../lib/gcc/pic32mx/4.8.3/../../../../pic32mx/lib/fpu64/libmfd.a(sqrtfd.o)
                              /opt/microchip/xc32/v2.50/bin/bin/../../lib/gcc/pic32mx/4.8.3/../../../../pic32mx/lib/fpu64/libmfd.a(pic32_w_sqrt.o) (_sqrtfd)
/opt/microchip/xc32/v2.50/bin/bin/../../lib/gcc/pic32mx/4.8.3/../../../../pic32mx/lib/fpu64/libmfd.a(e_rem_pio2.o)
                              /opt/microchip/xc32/v2.50/bin/bin/../../lib/gcc/pic32mx/4.8.3/../../../../pic32mx/lib/fpu64/libmfd.a(s_cos.o) (__ieee754_rem_pio2)
/opt/microchip/xc32/v2.50/bin/bin/../../lib/gcc/pic32mx/4.8.3/../../../../pic32mx/lib/fpu64/libmfd.a(k_cos.o)
                              /opt/microchip/xc32/v2.50/bin/bin/../../lib/gcc/pic32mx/4.8.3/../../../../pic32mx/lib/fpu64/libmfd.a(s_cos.o) (__kernel_cos)
/opt/microchip/xc32/v2.50/bin/bin/../../lib/gcc/pic32mx/4.8.3/../../../../pic32mx/lib/fpu64/libmfd.a(k_sin.o)
                              /opt/microchip/xc32/v2.50/bin/bin/../../lib/gcc/pic32mx/4.8.3/../../../../pic32mx/lib/fpu64/libmfd.a(s_cos.o) (__kernel_sin)
/opt/microchip/xc32/v2.50/bin/bin/../../lib/gcc/pic32mx/4.8.3/../../../../pic32mx/lib/fpu64/libpic32.a(errno.o)
                              /opt/microchip/xc32/v2.50/bin/bin/../../lib/gcc/pic32mx/4.8.3/../../../../pic32mx/lib/fpu64/libmfd.a(sqrtfd.o) (errno)

Allocating common symbols
Common symbol       size              file

mcpwmPriEventObj    0x8               build/V3_MCF1024/production/_ext/1961884374/plib_mcpwm.o

Microchip PIC32 Memory-Usage Report

kseg0 Program-Memory Usage
section                    address  length [bytes]      (dec)  Description
-------                 ----------  -------------------------  -----------
.text.fast_routines     0x9d000000          0x174         372   
.text.send_data_uart    0x9d000174            0xc          12   
.app_excpt              0x9d000180           0x10          16  General-Exception 
.text.EEPROM_WriteExecu 0x9d000190           0x64         100   
.text._on_reset         0x9d0001f4            0x8           8   
.vectors                0x9d000200           0x50          80   
.dinit                  0x9d000250          0x5a0        1440   
.text.send_currently_us 0x9d0007f0          0x3d8         984   
.text.__ieee754_rem_pio 0x9d000bc8          0x344         836   
.text.tune_state_variab 0x9d000f0c          0x328         808   
.text.drive_init        0x9d001234          0x318         792   
.text.ADCHS_Initialize  0x9d00154c          0x2e0         736   
.text.slow_routines     0x9d00182c          0x2d8         728   
.text.tune_drive_variab 0x9d001b04          0x2c4         708   
.text.recieve_command_u 0x9d001dc8          0x2ac         684   
.text.fast_measurement_ 0x9d002074          0x274         628   
.text.PWM_PRI_Handler   0x9d0022e8          0x230         560   
.text.speed_control     0x9d002518          0x230         560   
.text.find_ang          0x9d002748          0x210         528   
[...]
Memory Configuration

Name             Origin             Length             Attributes
kseg0_program_mem 0x9d000000         0x00100000         xr
kseg0_boot_mem   0x9fc20490         0x00000000
debug_exec_mem   0x9fc20490         0x00003b20
kseg1_boot_mem   0xbfc00000         0x00000480
kseg1_boot_mem_4B0 0xbfc004b0         0x00003b00
config_BFC03FC0  0xbfc03fc0         0x00000004
config_BFC03FC4  0xbfc03fc4         0x00000004
config_BFC03FC8  0xbfc03fc8         0x00000004
config_BFC03FCC  0xbfc03fcc         0x00000004
config_BFC03FDC  0xbfc03fdc         0x00000004
config_BFC03FEC  0xbfc03fec         0x00000004
config_BFC03FF0  0xbfc03ff0         0x00000004
lowerbootaliaslastpage 0xbfc04000         0x00001000
upperbootalias   0xbfc20000         0x00003fb0
config_BFC23FC0  0xbfc23fc0         0x00000004
config_BFC23FC4  0xbfc23fc4         0x00000004
config_BFC23FC8  0xbfc23fc8         0x00000004
config_BFC23FCC  0xbfc23fcc         0x00000004
config_BFC23FDC  0xbfc23fdc         0x00000004
config_BFC23FEC  0xbfc23fec         0x00000004
config_BFC23FF0  0xbfc23ff0         0x00000004
upperbootaliaslastpage 0xbfc24000         0x00001000
boot1            0xbfc40000         0x00003fb0
config_BFC43FC0  0xbfc43fc0         0x00000004
config_BFC43FC4  0xbfc43fc4         0x00000004
config_BFC43FC8  0xbfc43fc8         0x00000004
config_BFC43FCC  0xbfc43fcc         0x00000004
config_BFC43FDC  0xbfc43fdc         0x00000004
config_BFC43FEC  0xbfc43fec         0x00000004
config_BFC43FF0  0xbfc43ff0         0x00000004
boot1lastpage    0xbfc44000         0x00001000
config_BFC45000  0xbfc45000         0x00000004
config_BFC45004  0xbfc45004         0x00000004
config_BFC45008  0xbfc45008         0x00000004
config_BFC4500C  0xbfc4500c         0x00000004
config_BFC45010  0xbfc45010         0x00000004
config_BFC45014  0xbfc45014         0x00000004
config_BFC45018  0xbfc45018         0x00000004
config_BFC45020  0xbfc45020         0x00000004
config_BFC45024  0xbfc45024         0x00000004
config_BFC45028  0xbfc45028         0x00000004
config_BFC4502C  0xbfc4502c         0x00000004
config_BFC45030  0xbfc45030         0x00000004
config_BFC45034  0xbfc45034         0x00000004
config_BFC45038  0xbfc45038         0x00000004
config_BFC4503C  0xbfc4503c         0x00000004
boot2            0xbfc60000         0x00003fb0
config_BFC63FC0  0xbfc63fc0         0x00000004
config_BFC63FC4  0xbfc63fc4         0x00000004
config_BFC63FC8  0xbfc63fc8         0x00000004
config_BFC63FCC  0xbfc63fcc         0x00000004
config_BFC63FDC  0xbfc63fdc         0x00000004
config_BFC63FEC  0xbfc63fec         0x00000004
config_BFC63FF0  0xbfc63ff0         0x00000004
boot2lastpage    0xbfc64000         0x00001000
kseg0_data_mem   0x80000000         0x00040000         w !x
sfrs             0xbf800000         0x00100000
configsfrs_BFC03FB0 0xbfc03fb0         0x0000001c
configsfrs_BFC23FB0 0xbfc23fb0         0x0000001c
configsfrs_BFC43FB0 0xbfc43fb0         0x0000001c
configsfrs_BFC45000 0xbfc45000         0x0000001c
configsfrs_BFC45020 0xbfc45020         0x00000010
configsfrs_BFC45030 0xbfc45030         0x00000010
configsfrs_BFC63FB0 0xbfc63fb0         0x0000001c
*default*        0x00000000         0xffffffff

Linker script and memory map

LOAD /opt/microchip/xc32/v2.50/bin/bin/../../lib/gcc/pic32mx/4.8.3/../../../../pic32mx/lib/fpu64/debug-exception-return.o
LOAD build/V3_MCF1024/production/_ext/1972949787/plib_adchs.o
LOAD build/V3_MCF1024/production/_ext/894868023/plib_cdac1.o
LOAD build/V3_MCF1024/production/_ext/894868023/plib_cdac2.o
LOAD build/V3_MCF1024/production/_ext/894868023/plib_cdac3.o
LOAD build/V3_MCF1024/production/_ext/444508452/plib_clk.o
LOAD build/V3_MCF1024/production/_ext/916064250/plib_eeprom.o
LOAD build/V3_MCF1024/production/_ext/894790895/plib_evic.o
LOAD build/V3_MCF1024/production/_ext/894737067/plib_gpio.o
LOAD build/V3_MCF1024/production/_ext/1961884374/plib_mcpwm.o
LOAD build/V3_MCF1024/production/_ext/1340093086/plib_spi4_master.o
LOAD build/V3_MCF1024/production/_ext/894334124/plib_uart1.o
LOAD build/V3_MCF1024/production/_ext/1780272356/xc32_monitor.o
LOAD build/V3_MCF1024/production/_ext/559960290/initialization.o
LOAD build/V3_MCF1024/production/_ext/559960290/interrupts.o
LOAD build/V3_MCF1024/production/_ext/559960290/exceptions.o
LOAD build/V3_MCF1024/production/_ext/1639450193/driver_ADC.o
LOAD build/V3_MCF1024/production/_ext/1639450193/driver_GPIO.o
LOAD build/V3_MCF1024/production/_ext/1639450193/driver_PWM.o
LOAD build/V3_MCF1024/production/_ext/1639450193/driver_SPI.o
LOAD build/V3_MCF1024/production/_ext/1639450193/driver_UART.o
LOAD build/V3_MCF1024/production/_ext/1375476428/diagnostics.o
LOAD build/V3_MCF1024/production/_ext/1375476428/fastmath.o
LOAD build/V3_MCF1024/production/_ext/1375476428/tuning.o
LOAD build/V3_MCF1024/production/_ext/1375476428/device_stat.o
LOAD build/V3_MCF1024/production/_ext/1200941409/application_software.o
LOAD build/V3_MCF1024/production/_ext/1200941409/fault.o
LOAD build/V3_MCF1024/production/_ext/1200941409/state_engine.o
LOAD build/V3_MCF1024/production/_ext/1360937237/main.o
                0x00000001                __MPLAB_BUILD = 0x1
                0x00000400                PROVIDE (_min_stack_size, 0x400)
START GROUP
LOAD /opt/microchip/xc32/v2.50/bin/bin/../../lib/gcc/pic32mx/4.8.3/../../../../pic32mx/lib/./proc/32MK1024MCF064/vector_offset_init.o
END GROUP
                0x00000001                PROVIDE (_vector_spacing, 0x1)
                0x9d000000                PROVIDE (_ebase_address, 0x9d000000)
                0xbfc00000                _RESET_ADDR = 0xbfc00000
                0xbfc00380                _BEV_EXCPT_ADDR = 0xbfc00380
                0xbfc00480                _DBG_EXCPT_ADDR = 0xbfc00480
                0x9d000000                _SIMPLE_TLB_REFILL_EXCPT_ADDR = (_ebase_address + 0x0)
                0x9d000180                _GEN_EXCPT_ADDR = (_ebase_address + 0x180)

.config_BFC03FC0
                0xbfc03fc0        0x4
 *(.config_BFC03FC0)
 .config_BFC03FC0
                0xbfc03fc0        0x4 build/V3_MCF1024/production/_ext/559960290/initialization.o

.config_BFC03FC4
                0xbfc03fc4        0x4
 *(.config_BFC03FC4)
 .config_BFC03FC4
                0xbfc03fc4        0x4 build/V3_MCF1024/production/_ext/559960290/initialization.o

.config_BFC03FC8
                0xbfc03fc8        0x4
 *(.config_BFC03FC8)
 .config_BFC03FC8
                0xbfc03fc8        0x4 build/V3_MCF1024/production/_ext/559960290/initialization.o

.config_BFC03FCC
                0xbfc03fcc        0x4
 *(.config_BFC03FCC)
 .config_BFC03FCC
                0xbfc03fcc        0x4 build/V3_MCF1024/production/_ext/559960290/initialization.o

.config_BFC03FDC
                0xbfc03fdc        0x4
 *(.config_BFC03FDC)
 .config_BFC03FDC
                0xbfc03fdc        0x4 build/V3_MCF1024/production/_ext/559960290/initialization.o

.config_BFC03FEC
 *(.config_BFC03FEC)

.config_BFC03FF0
                0xbfc03ff0        0x4
 *(.config_BFC03FF0)
 .config_BFC03FF0
                0xbfc03ff0        0x4 build/V3_MCF1024/production/_ext/559960290/initialization.o

.config_BFC23FC0
 *(.config_BFC23FC0)

.config_BFC23FC4
 *(.config_BFC23FC4)

.config_BFC23FC8
 *(.config_BFC23FC8)

.config_BFC23FCC
 *(.config_BFC23FCC)

.config_BFC23FDC
 *(.config_BFC23FDC)

.config_BFC23FEC
 *(.config_BFC23FEC)

.config_BFC23FF0
 *(.config_BFC23FF0)

.config_BFC43FC0
 *(.config_BFC43FC0)

.config_BFC43FC4
 *(.config_BFC43FC4)

.config_BFC43FC8
 *(.config_BFC43FC8)

.config_BFC43FCC
 *(.config_BFC43FCC)

.config_BFC43FDC
 *(.config_BFC43FDC)

.config_BFC43FEC
 *(.config_BFC43FEC)

.config_BFC43FF0
 *(.config_BFC43FF0)

.config_BFC45000
 *(.config_BFC45000)

.config_BFC45004
 *(.config_BFC45004)

.config_BFC45008
 *(.config_BFC45008)

.config_BFC4500C
 *(.config_BFC4500C)

.config_BFC45010
 *(.config_BFC45010)

.config_BFC45014
 *(.config_BFC45014)

.config_BFC45018
 *(.config_BFC45018)

.config_BFC45020
 *(.config_BFC45020)

.config_BFC45024
 *(.config_BFC45024)

.config_BFC45028
 *(.config_BFC45028)

.config_BFC4502C
 *(.config_BFC4502C)

.config_BFC45030
 *(.config_BFC45030)

.config_BFC45034
 *(.config_BFC45034)

.config_BFC45038
 *(.config_BFC45038)

.config_BFC4503C
 *(.config_BFC4503C)

.config_BFC63FC0
 *(.config_BFC63FC0)

.config_BFC63FC4
 *(.config_BFC63FC4)

.config_BFC63FC8
 *(.config_BFC63FC8)

.config_BFC63FCC
 *(.config_BFC63FCC)

.config_BFC63FDC
 *(.config_BFC63FDC)

.config_BFC63FEC
 *(.config_BFC63FEC)

.config_BFC63FF0
 *(.config_BFC63FF0)

.reset          0xbfc00000      0x198
 *(.reset)
 .reset         0xbfc00000       0x18 /tmp/ccRwr1tr.o
                0xbfc00000                _reset
 *(.reset.startup)
 .reset.startup
                0xbfc00018      0x180 /tmp/ccRwr1tr.o
                0xbfc00018                _startup

.bev_excpt      0xbfc00380       0x10
 *(.bev_handler)
 .bev_handler   0xbfc00380       0x10 /tmp/ccRwr1tr.o

.app_excpt      0x9d000180       0x10
 *(.gen_handler)
 .gen_handler   0x9d000180       0x10 /tmp/ccRwr1tr.o

.vectors        0x9d000200       0x50
                0x9d000200                . = ALIGN (0x4)
                0x00000208                __vector_offset_0 = DEFINED (__vector_dispatch_0)?(. - _ebase_address):__vector_offset_default
 *(.vector_0)
                0x9d000200                . = ALIGN (0x4)
                0x00000208                __vector_offset_1 = DEFINED (__vector_dispatch_1)?(. - _ebase_address):__vector_offset_default
 *(.vector_1)
                0x9d000200                . = ALIGN (0x4)
                0x00000208                __vector_offset_2 = DEFINED (__vector_dispatch_2)?(. - _ebase_address):__vector_offset_default
 *(.vector_2)
                0x9d000200                . = ALIGN (0x4)
                0x00000208                __vector_offset_3 = DEFINED (__vector_dispatch_3)?(. - _ebase_address):__vector_offset_default
 *(.vector_3)
                0x9d000200                . = ALIGN (0x4)
                0x00000208                __vector_offset_4 = DEFINED (__vector_dispatch_4)?(. - _ebase_address):__vector_offset_default
 *(.vector_4)
                0x9d000200                . = ALIGN (0x4)
                0x00000208                __vector_offset_5 = DEFINED (__vector_dispatch_5)?(. - _ebase_address):__vector_offset_default
 *(.vector_5)
                0x9d000200                . = ALIGN (0x4)
                0x00000208                __vector_offset_6 = DEFINED (__vector_dispatch_6)?(. - _ebase_address):__vector_offset_default
 *(.vector_6)
                0x9d000200                . = ALIGN (0x4)
                0x00000208                __vector_offset_7 = DEFINED (__vector_dispatch_7)?(. - _ebase_address):__vector_offset_default
 *(.vector_7)
                0x9d000200                . = ALIGN (0x4)
                0x00000208                __vector_offset_8 = DEFINED (__vector_dispatch_8)?(. - _ebase_address):__vector_offset_default
 *(.vector_8)
                0x9d000200                . = ALIGN (0x4)
                0x00000208                __vector_offset_9 = DEFINED (__vector_dispatch_9)?(. - _ebase_address):__vector_offset_default
 *(.vector_9)
                0x9d000200                . = ALIGN (0x4)
                0x00000208                __vector_offset_10 = DEFINED (__vector_dispatch_10)?(. - _ebase_address):__vector_offset_default
 *(.vector_10)
                0x9d000200                . = ALIGN (0x4)
                0x00000208                __vector_offset_11 = DEFINED (__vector_dispatch_11)?(. - _ebase_address):__vector_offset_default
 *(.vector_11)
                0x9d000200                . = ALIGN (0x4)
                0x00000208                __vector_offset_12 = DEFINED (__vector_dispatch_12)?(. - _ebase_address):__vector_offset_default
 *(.vector_12)
                0x9d000200                . = ALIGN (0x4)
                0x00000208                __vector_offset_13 = DEFINED (__vector_dispatch_13)?(. - _ebase_address):__vector_offset_default
 *(.vector_13)
                0x9d000200                . = ALIGN (0x4)
                0x00000208                __vector_offset_14 = DEFINED (__vector_dispatch_14)?(. - _ebase_address):__vector_offset_default
 *(.vector_14)
                0x9d000200                . = ALIGN (0x4)
                0x00000208                __vector_offset_15 = DEFINED (__vector_dispatch_15)?(. - _ebase_address):__vector_offset_default
 *(.vector_15)
                0x9d000200                . = ALIGN (0x4)
                0x00000208                __vector_offset_16 = DEFINED (__vector_dispatch_16)?(. - _ebase_address):__vector_offset_default
 *(.vector_16)
                0x9d000200                . = ALIGN (0x4)
                0x00000208                __vector_offset_17 = DEFINED (__vector_dispatch_17)?(. - _ebase_address):__vector_offset_default
 *(.vector_17)
                0x9d000200                . = ALIGN (0x4)
                0x00000208                __vector_offset_18 = DEFINED (__vector_dispatch_18)?(. - _ebase_address):__vector_offset_default
 *(.vector_18)
                0x9d000200                . = ALIGN (0x4)
                0x00000208                __vector_offset_19 = DEFINED (__vector_dispatch_19)?(. - _ebase_address):__vector_offset_default
 *(.vector_19)
                0x9d000200                . = ALIGN (0x4)
                0x00000208                __vector_offset_20 = DEFINED (__vector_dispatch_20)?(. - _ebase_address):__vector_offset_default
 *(.vector_20)
                0x9d000200                . = ALIGN (0x4)
                0x00000208                __vector_offset_21 = DEFINED (__vector_dispatch_21)?(. - _ebase_address):__vector_offset_default
 *(.vector_21)
                0x9d000200                . = ALIGN (0x4)
                0x00000208                __vector_offset_22 = DEFINED (__vector_dispatch_22)?(. - _ebase_address):__vector_offset_default
 *(.vector_22)
                0x9d000200                . = ALIGN (0x4)
                0x00000208                __vector_offset_23 = DEFINED (__vector_dispatch_23)?(. - _ebase_address):__vector_offset_default
 *(.vector_23)
                0x9d000200                . = ALIGN (0x4)
                0x00000208                __vector_offset_24 = DEFINED (__vector_dispatch_24)?(. - _ebase_address):__vector_offset_default
 *(.vector_24)
                0x9d000200                . = ALIGN (0x4)
                0x00000208                __vector_offset_25 = DEFINED (__vector_dispatch_25)?(. - _ebase_address):__vector_offset_default
 *(.vector_25)
                0x9d000200                . = ALIGN (0x4)
                0x00000208                __vector_offset_26 = DEFINED (__vector_dispatch_26)?(. - _ebase_address):__vector_offset_default
 *(.vector_26)
                0x9d000200                . = ALIGN (0x4)
                0x00000208                __vector_offset_27 = DEFINED (__vector_dispatch_27)?(. - _ebase_address):__vector_offset_default
 *(.vector_27)
                0x9d000200                . = ALIGN (0x4)
                0x00000208                __vector_offset_28 = DEFINED (__vector_dispatch_28)?(. - _ebase_address):__vector_offset_default
 *(.vector_28)
                0x9d000200                . = ALIGN (0x4)
                0x00000208                __vector_offset_29 = DEFINED (__vector_dispatch_29)?(. - _ebase_address):__vector_offset_default
 *(.vector_29)
                0x9d000200                . = ALIGN (0x4)
                0x00000208                __vector_offset_30 = DEFINED (__vector_dispatch_30)?(. - _ebase_address):__vector_offset_default
 *(.vector_30)
                0x9d000200                . = ALIGN (0x4)
                0x00000208                __vector_offset_31 = DEFINED (__vector_dispatch_31)?(. - _ebase_address):__vector_offset_default
 *(.vector_31)
                0x9d000200                . = ALIGN (0x4)
                0x00000208                __vector_offset_32 = DEFINED (__vector_dispatch_32)?(. - _ebase_address):__vector_offset_default
 *(.vector_32)
                0x9d000200                . = ALIGN (0x4)
                0x00000208                __vector_offset_33 = DEFINED (__vector_dispatch_33)?(. - _ebase_address):__vector_offset_default
 *(.vector_33)
                0x9d000200                . = ALIGN (0x4)
                0x00000208                __vector_offset_34 = DEFINED (__vector_dispatch_34)?(. - _ebase_address):__vector_offset_default
 *(.vector_34)
                0x9d000200                . = ALIGN (0x4)
                0x00000208                __vector_offset_35 = DEFINED (__vector_dispatch_35)?(. - _ebase_address):__vector_offset_default
 *(.vector_35)
                0x9d000200                . = ALIGN (0x4)
                0x00000208                __vector_offset_36 = DEFINED (__vector_dispatch_36)?(. - _ebase_address):__vector_offset_default
 *(.vector_36)
                0x9d000200                . = ALIGN (0x4)
                0x00000208                __vector_offset_37 = DEFINED (__vector_dispatch_37)?(. - _ebase_address):__vector_offset_default
 *(.vector_37)
                0x9d000200                . = ALIGN (0x4)
                0x00000208                __vector_offset_38 = DEFINED (__vector_dispatch_38)?(. - _ebase_address):__vector_offset_default
 *(.vector_38)
                0x9d000200                . = ALIGN (0x4)
                0x00000208                __vector_offset_39 = DEFINED (__vector_dispatch_39)?(. - _ebase_address):__vector_offset_default
 *(.vector_39)
                0x9d000200                . = ALIGN (0x4)
                0x00000208                __vector_offset_40 = DEFINED (__vector_dispatch_40)?(. - _ebase_address):__vector_offset_default
 *(.vector_40)
                0x9d000200                . = ALIGN (0x4)
                0x00000208                __vector_offset_41 = DEFINED (__vector_dispatch_41)?(. - _ebase_address):__vector_offset_default
 *(.vector_41)
                0x9d000200                . = ALIGN (0x4)
                0x00000208                __vector_offset_42 = DEFINED (__vector_dispatch_42)?(. - _ebase_address):__vector_offset_default
 *(.vector_42)
                0x9d000200                . = ALIGN (0x4)
                0x00000208                __vector_offset_43 = DEFINED (__vector_dispatch_43)?(. - _ebase_address):__vector_offset_default
 *(.vector_43)
                0x9d000200                . = ALIGN (0x4)
                0x00000208                __vector_offset_44 = DEFINED (__vector_dispatch_44)?(. - _ebase_address):__vector_offset_default
 *(.vector_44)
                0x9d000200                . = ALIGN (0x4)
                0x00000208                __vector_offset_45 = DEFINED (__vector_dispatch_45)?(. - _ebase_address):__vector_offset_default
 *(.vector_45)
                0x9d000200                . = ALIGN (0x4)
                0x00000208                __vector_offset_46 = DEFINED (__vector_dispatch_46)?(. - _ebase_address):__vector_offset_default
 *(.vector_46)
                0x9d000200                . = ALIGN (0x4)
                0x00000208                __vector_offset_47 = DEFINED (__vector_dispatch_47)?(. - _ebase_address):__vector_offset_default
 *(.vector_47)
                0x9d000200                . = ALIGN (0x4)
                0x00000208                __vector_offset_48 = DEFINED (__vector_dispatch_48)?(. - _ebase_address):__vector_offset_default
 *(.vector_48)
                0x9d000200                . = ALIGN (0x4)
                0x00000208                __vector_offset_49 = DEFINED (__vector_dispatch_49)?(. - _ebase_address):__vector_offset_default
 *(.vector_49)
                0x9d000200                . = ALIGN (0x4)
                0x00000208                __vector_offset_50 = DEFINED (__vector_dispatch_50)?(. - _ebase_address):__vector_offset_default
 *(.vector_50)
                0x9d000200                . = ALIGN (0x4)
                0x00000208                __vector_offset_51 = DEFINED (__vector_dispatch_51)?(. - _ebase_address):__vector_offset_default
 *(.vector_51)
                0x9d000200                . = ALIGN (0x4)
                0x00000208                __vector_offset_52 = DEFINED (__vector_dispatch_52)?(. - _ebase_address):__vector_offset_default
 *(.vector_52)
                0x9d000200                . = ALIGN (0x4)
                0x00000208                __vector_offset_53 = DEFINED (__vector_dispatch_53)?(. - _ebase_address):__vector_offset_default
 *(.vector_53)
                0x9d000200                . = ALIGN (0x4)
                0x00000208                __vector_offset_54 = DEFINED (__vector_dispatch_54)?(. - _ebase_address):__vector_offset_default
 *(.vector_54)
                0x9d000200                . = ALIGN (0x4)
                0x00000208                __vector_offset_55 = DEFINED (__vector_dispatch_55)?(. - _ebase_address):__vector_offset_default
 *(.vector_55)
                0x9d000200                . = ALIGN (0x4)
                0x00000208                __vector_offset_56 = DEFINED (__vector_dispatch_56)?(. - _ebase_address):__vector_offset_default
 *(.vector_56)
                0x9d000200                . = ALIGN (0x4)
                0x00000208                __vector_offset_57 = DEFINED (__vector_dispatch_57)?(. - _ebase_address):__vector_offset_default
 *(.vector_57)
                0x9d000200                . = ALIGN (0x4)
                0x00000208                __vector_offset_58 = DEFINED (__vector_dispatch_58)?(. - _ebase_address):__vector_offset_default
 *(.vector_58)
                0x9d000200                . = ALIGN (0x4)
                0x00000208                __vector_offset_59 = DEFINED (__vector_dispatch_59)?(. - _ebase_address):__vector_offset_default
 *(.vector_59)
                0x9d000200                . = ALIGN (0x4)
                0x00000208                __vector_offset_60 = DEFINED (__vector_dispatch_60)?(. - _ebase_address):__vector_offset_default
 *(.vector_60)
                0x9d000200                . = ALIGN (0x4)
                0x00000208                __vector_offset_61 = DEFINED (__vector_dispatch_61)?(. - _ebase_address):__vector_offset_default
 *(.vector_61)
                0x9d000200                . = ALIGN (0x4)
                0x00000208                __vector_offset_62 = DEFINED (__vector_dispatch_62)?(. - _ebase_address):__vector_offset_default
 *(.vector_62)
                0x9d000200                . = ALIGN (0x4)
                0x00000208                __vector_offset_63 = DEFINED (__vector_dispatch_63)?(. - _ebase_address):__vector_offset_default
 *(.vector_63)
                0x9d000200                . = ALIGN (0x4)
                0x00000208                __vector_offset_64 = DEFINED (__vector_dispatch_64)?(. - _ebase_address):__vector_offset_default
 *(.vector_64)
                0x9d000200                . = ALIGN (0x4)
                0x00000208                __vector_offset_65 = DEFINED (__vector_dispatch_65)?(. - _ebase_address):__vector_offset_default
 *(.vector_65)
                0x9d000200                . = ALIGN (0x4)
                0x00000208                __vector_offset_66 = DEFINED (__vector_dispatch_66)?(. - _ebase_address):__vector_offset_default
 *(.vector_66)
                0x9d000200                . = ALIGN (0x4)
                0x00000208                __vector_offset_67 = DEFINED (__vector_dispatch_67)?(. - _ebase_address):__vector_offset_default
 *(.vector_67)
                0x9d000200                . = ALIGN (0x4)
                0x00000208                __vector_offset_68 = DEFINED (__vector_dispatch_68)?(. - _ebase_address):__vector_offset_default
 *(.vector_68)
                0x9d000200                . = ALIGN (0x4)
                0x00000208                __vector_offset_69 = DEFINED (__vector_dispatch_69)?(. - _ebase_address):__vector_offset_default
 *(.vector_69)
                0x9d000200                . = ALIGN (0x4)
                0x00000208                __vector_offset_70 = DEFINED (__vector_dispatch_70)?(. - _ebase_address):__vector_offset_default
 *(.vector_70)
                0x9d000200                . = ALIGN (0x4)
                0x00000208                __vector_offset_71 = DEFINED (__vector_dispatch_71)?(. - _ebase_address):__vector_offset_default
 *(.vector_71)
                0x9d000200                . = ALIGN (0x4)
                0x00000208                __vector_offset_72 = DEFINED (__vector_dispatch_72)?(. - _ebase_address):__vector_offset_default
 *(.vector_72)
                0x9d000200                . = ALIGN (0x4)
                0x00000208                __vector_offset_73 = DEFINED (__vector_dispatch_73)?(. - _ebase_address):__vector_offset_default
 *(.vector_73)
                0x9d000200                . = ALIGN (0x4)
                0x00000208                __vector_offset_74 = DEFINED (__vector_dispatch_74)?(. - _ebase_address):__vector_offset_default
 *(.vector_74)
                0x9d000200                . = ALIGN (0x4)
                0x00000208                __vector_offset_75 = DEFINED (__vector_dispatch_75)?(. - _ebase_address):__vector_offset_default
 *(.vector_75)
                0x9d000200                . = ALIGN (0x4)
                0x00000208                __vector_offset_76 = DEFINED (__vector_dispatch_76)?(. - _ebase_address):__vector_offset_default
 *(.vector_76)
                0x9d000200                . = ALIGN (0x4)
                0x00000208                __vector_offset_77 = DEFINED (__vector_dispatch_77)?(. - _ebase_address):__vector_offset_default
 *(.vector_77)
                0x9d000200                . = ALIGN (0x4)
                0x00000208                __vector_offset_78 = DEFINED (__vector_dispatch_78)?(. - _ebase_address):__vector_offset_default
 *(.vector_78)
                0x9d000200                . = ALIGN (0x4)
                0x00000208                __vector_offset_79 = DEFINED (__vector_dispatch_79)?(. - _ebase_address):__vector_offset_default
 *(.vector_79)
                0x9d000200                . = ALIGN (0x4)
                0x00000208                __vector_offset_80 = DEFINED (__vector_dispatch_80)?(. - _ebase_address):__vector_offset_default
 *(.vector_80)
                0x9d000200                . = ALIGN (0x4)
                0x00000208                __vector_offset_81 = DEFINED (__vector_dispatch_81)?(. - _ebase_address):__vector_offset_default
 *(.vector_81)
                0x9d000200                . = ALIGN (0x4)
                0x00000208                __vector_offset_82 = DEFINED (__vector_dispatch_82)?(. - _ebase_address):__vector_offset_default
 *(.vector_82)
                0x9d000200                . = ALIGN (0x4)
                0x00000208                __vector_offset_83 = DEFINED (__vector_dispatch_83)?(. - _ebase_address):__vector_offset_default
 *(.vector_83)
                0x9d000200                . = ALIGN (0x4)
                0x00000208                __vector_offset_84 = DEFINED (__vector_dispatch_84)?(. - _ebase_address):__vector_offset_default
 *(.vector_84)
                0x9d000200                . = ALIGN (0x4)
                0x00000208                __vector_offset_85 = DEFINED (__vector_dispatch_85)?(. - _ebase_address):__vector_offset_default
 *(.vector_85)
                0x9d000200                . = ALIGN (0x4)
                0x00000208                __vector_offset_86 = DEFINED (__vector_dispatch_86)?(. - _ebase_address):__vector_offset_default
 *(.vector_86)
                0x9d000200                . = ALIGN (0x4)
                0x00000208                __vector_offset_87 = DEFINED (__vector_dispatch_87)?(. - _ebase_address):__vector_offset_default
 *(.vector_87)
                0x9d000200                . = ALIGN (0x4)
                0x00000208                __vector_offset_88 = DEFINED (__vector_dispatch_88)?(. - _ebase_address):__vector_offset_default
 *(.vector_88)
                0x9d000200                . = ALIGN (0x4)
                0x00000208                __vector_offset_89 = DEFINED (__vector_dispatch_89)?(. - _ebase_address):__vector_offset_default
 *(.vector_89)
                0x9d000200                . = ALIGN (0x4)
                0x00000208                __vector_offset_90 = DEFINED (__vector_dispatch_90)?(. - _ebase_address):__vector_offset_default
 *(.vector_90)
                0x9d000200                . = ALIGN (0x4)
                0x00000208                __vector_offset_91 = DEFINED (__vector_dispatch_91)?(. - _ebase_address):__vector_offset_default
 *(.vector_91)
                0x9d000200                . = ALIGN (0x4)
                0x00000208                __vector_offset_92 = DEFINED (__vector_dispatch_92)?(. - _ebase_address):__vector_offset_default
 *(.vector_92)
                0x9d000200                . = ALIGN (0x4)
                0x00000208                __vector_offset_93 = DEFINED (__vector_dispatch_93)?(. - _ebase_address):__vector_offset_default
 *(.vector_93)
                0x9d000200                . = ALIGN (0x4)
                0x00000208                __vector_offset_94 = DEFINED (__vector_dispatch_94)?(. - _ebase_address):__vector_offset_default
 *(.vector_94)
                0x9d000200                . = ALIGN (0x4)
                0x00000208                __vector_offset_95 = DEFINED (__vector_dispatch_95)?(. - _ebase_address):__vector_offset_default
 *(.vector_95)
                0x9d000200                . = ALIGN (0x4)
                0x00000208                __vector_offset_96 = DEFINED (__vector_dispatch_96)?(. - _ebase_address):__vector_offset_default
 *(.vector_96)
                0x9d000200                . = ALIGN (0x4)
                0x00000208                __vector_offset_97 = DEFINED (__vector_dispatch_97)?(. - _ebase_address):__vector_offset_default
 *(.vector_97)
                0x9d000200                . = ALIGN (0x4)
                0x00000208                __vector_offset_98 = DEFINED (__vector_dispatch_98)?(. - _ebase_address):__vector_offset_default
 *(.vector_98)
                0x9d000200                . = ALIGN (0x4)
                0x00000208                __vector_offset_99 = DEFINED (__vector_dispatch_99)?(. - _ebase_address):__vector_offset_default
 *(.vector_99)
                0x9d000200                . = ALIGN (0x4)
                0x00000208                __vector_offset_100 = DEFINED (__vector_dispatch_100)?(. - _ebase_address):__vector_offset_default
 *(.vector_100)
                0x9d000200                . = ALIGN (0x4)
                0x00000208                __vector_offset_101 = DEFINED (__vector_dispatch_101)?(. - _ebase_address):__vector_offset_default
 *(.vector_101)
                0x9d000200                . = ALIGN (0x4)
                0x00000208                __vector_offset_102 = DEFINED (__vector_dispatch_102)?(. - _ebase_address):__vector_offset_default
 *(.vector_102)
                0x9d000200                . = ALIGN (0x4)
                0x00000208                __vector_offset_103 = DEFINED (__vector_dispatch_103)?(. - _ebase_address):__vector_offset_default
 *(.vector_103)
                0x9d000200                . = ALIGN (0x4)
                0x00000208                __vector_offset_104 = DEFINED (__vector_dispatch_104)?(. - _ebase_address):__vector_offset_default
 *(.vector_104)
                0x9d000200                . = ALIGN (0x4)
                0x00000208                __vector_offset_105 = DEFINED (__vector_dispatch_105)?(. - _ebase_address):__vector_offset_default
 *(.vector_105)
                0x9d000200                . = ALIGN (0x4)
                0x00000208                __vector_offset_106 = DEFINED (__vector_dispatch_106)?(. - _ebase_address):__vector_offset_default
 *(.vector_106)
                0x9d000200                . = ALIGN (0x4)
                0x00000208                __vector_offset_107 = DEFINED (__vector_dispatch_107)?(. - _ebase_address):__vector_offset_default
 *(.vector_107)
                0x9d000200                . = ALIGN (0x4)
                0x00000208                __vector_offset_108 = DEFINED (__vector_dispatch_108)?(. - _ebase_address):__vector_offset_default
 *(.vector_108)
                0x9d000200                . = ALIGN (0x4)
                0x00000208                __vector_offset_109 = DEFINED (__vector_dispatch_109)?(. - _ebase_address):__vector_offset_default
 *(.vector_109)
                0x9d000200                . = ALIGN (0x4)
                0x00000208                __vector_offset_110 = DEFINED (__vector_dispatch_110)?(. - _ebase_address):__vector_offset_default
 *(.vector_110)
                0x9d000200                . = ALIGN (0x4)
                0x00000208                __vector_offset_111 = DEFINED (__vector_dispatch_111)?(. - _ebase_address):__vector_offset_default
 *(.vector_111)
                0x9d000200                . = ALIGN (0x4)
                0x00000208                __vector_offset_112 = DEFINED (__vector_dispatch_112)?(. - _ebase_address):__vector_offset_default
 *(.vector_112)
                0x9d000200                . = ALIGN (0x4)
                0x00000208                __vector_offset_113 = DEFINED (__vector_dispatch_113)?(. - _ebase_address):__vector_offset_default
 *(.vector_113)
                0x9d000200                . = ALIGN (0x4)
                0x00000208                __vector_offset_114 = DEFINED (__vector_dispatch_114)?(. - _ebase_address):__vector_offset_default
 *(.vector_114)
                0x9d000200                . = ALIGN (0x4)
                0x00000208                __vector_offset_115 = DEFINED (__vector_dispatch_115)?(. - _ebase_address):__vector_offset_default
 *(.vector_115)
                0x9d000200                . = ALIGN (0x4)
                0x00000208                __vector_offset_116 = DEFINED (__vector_dispatch_116)?(. - _ebase_address):__vector_offset_default
 *(.vector_116)
                0x9d000200                . = ALIGN (0x4)
                0x00000208                __vector_offset_117 = DEFINED (__vector_dispatch_117)?(. - _ebase_address):__vector_offset_default
 *(.vector_117)
                0x9d000200                . = ALIGN (0x4)
                0x00000208                __vector_offset_118 = DEFINED (__vector_dispatch_118)?(. - _ebase_address):__vector_offset_default
 *(.vector_118)
                0x9d000200                . = ALIGN (0x4)
                0x00000208                __vector_offset_119 = DEFINED (__vector_dispatch_119)?(. - _ebase_address):__vector_offset_default
 *(.vector_119)
                0x9d000200                . = ALIGN (0x4)
                0x00000208                __vector_offset_120 = DEFINED (__vector_dispatch_120)?(. - _ebase_address):__vector_offset_default
 *(.vector_120)
                0x9d000200                . = ALIGN (0x4)
                0x00000208                __vector_offset_121 = DEFINED (__vector_dispatch_121)?(. - _ebase_address):__vector_offset_default
 *(.vector_121)
                0x9d000200                . = ALIGN (0x4)
                0x00000208                __vector_offset_122 = DEFINED (__vector_dispatch_122)?(. - _ebase_address):__vector_offset_default
 *(.vector_122)
                0x9d000200                . = ALIGN (0x4)
                0x00000208                __vector_offset_123 = DEFINED (__vector_dispatch_123)?(. - _ebase_address):__vector_offset_default
 *(.vector_123)
                0x9d000200                . = ALIGN (0x4)
                0x00000208                __vector_offset_124 = DEFINED (__vector_dispatch_124)?(. - _ebase_address):__vector_offset_default
 *(.vector_124)
                0x9d000200                . = ALIGN (0x4)
                0x00000208                __vector_offset_125 = DEFINED (__vector_dispatch_125)?(. - _ebase_address):__vector_offset_default
 *(.vector_125)
                0x9d000200                . = ALIGN (0x4)
                0x00000208                __vector_offset_126 = DEFINED (__vector_dispatch_126)?(. - _ebase_address):__vector_offset_default
 *(.vector_126)
                0x9d000200                . = ALIGN (0x4)
                0x00000208                __vector_offset_127 = DEFINED (__vector_dispatch_127)?(. - _ebase_address):__vector_offset_default
 *(.vector_127)
                0x9d000200                . = ALIGN (0x4)
                0x00000208                __vector_offset_128 = DEFINED (__vector_dispatch_128)?(. - _ebase_address):__vector_offset_default
 *(.vector_128)
                0x9d000200                . = ALIGN (0x4)
                0x00000208                __vector_offset_129 = DEFINED (__vector_dispatch_129)?(. - _ebase_address):__vector_offset_default
 *(.vector_129)
                0x9d000200                . = ALIGN (0x4)
                0x00000208                __vector_offset_130 = DEFINED (__vector_dispatch_130)?(. - _ebase_address):__vector_offset_default
 *(.vector_130)
                0x9d000200                . = ALIGN (0x4)
                0x00000208                __vector_offset_131 = DEFINED (__vector_dispatch_131)?(. - _ebase_address):__vector_offset_default
 *(.vector_131)
                0x9d000200                . = ALIGN (0x4)
                0x00000208                __vector_offset_132 = DEFINED (__vector_dispatch_132)?(. - _ebase_address):__vector_offset_default
 *(.vector_132)
                0x9d000200                . = ALIGN (0x4)
                0x00000208                __vector_offset_133 = DEFINED (__vector_dispatch_133)?(. - _ebase_address):__vector_offset_default
 *(.vector_133)
                0x9d000200                . = ALIGN (0x4)
                0x00000208                __vector_offset_134 = DEFINED (__vector_dispatch_134)?(. - _ebase_address):__vector_offset_default
 *(.vector_134)
                0x9d000200                . = ALIGN (0x4)
                0x00000208                __vector_offset_135 = DEFINED (__vector_dispatch_135)?(. - _ebase_address):__vector_offset_default
 *(.vector_135)
                0x9d000200                . = ALIGN (0x4)
                0x00000208                __vector_offset_136 = DEFINED (__vector_dispatch_136)?(. - _ebase_address):__vector_offset_default
 *(.vector_136)
                0x9d000200                . = ALIGN (0x4)
                0x00000208                __vector_offset_137 = DEFINED (__vector_dispatch_137)?(. - _ebase_address):__vector_offset_default
 *(.vector_137)
                0x9d000200                . = ALIGN (0x4)
                0x00000208                __vector_offset_138 = DEFINED (__vector_dispatch_138)?(. - _ebase_address):__vector_offset_default
 *(.vector_138)
                0x9d000200                . = ALIGN (0x4)
                0x00000208                __vector_offset_139 = DEFINED (__vector_dispatch_139)?(. - _ebase_address):__vector_offset_default
 *(.vector_139)
                0x9d000200                . = ALIGN (0x4)
                0x00000208                __vector_offset_140 = DEFINED (__vector_dispatch_140)?(. - _ebase_address):__vector_offset_default
 *(.vector_140)
                0x9d000200                . = ALIGN (0x4)
                0x00000208                __vector_offset_141 = DEFINED (__vector_dispatch_141)?(. - _ebase_address):__vector_offset_default
 *(.vector_141)
                0x9d000200                . = ALIGN (0x4)
                0x00000208                __vector_offset_142 = DEFINED (__vector_dispatch_142)?(. - _ebase_address):__vector_offset_default
 *(.vector_142)
                0x9d000200                . = ALIGN (0x4)
                0x00000208                __vector_offset_143 = DEFINED (__vector_dispatch_143)?(. - _ebase_address):__vector_offset_default
 *(.vector_143)
                0x9d000200                . = ALIGN (0x4)
                0x00000208                __vector_offset_144 = DEFINED (__vector_dispatch_144)?(. - _ebase_address):__vector_offset_default
 *(.vector_144)
                0x9d000200                . = ALIGN (0x4)
                0x00000208                __vector_offset_145 = DEFINED (__vector_dispatch_145)?(. - _ebase_address):__vector_offset_default
 *(.vector_145)
                0x9d000200                . = ALIGN (0x4)
                0x00000208                __vector_offset_146 = DEFINED (__vector_dispatch_146)?(. - _ebase_address):__vector_offset_default
 *(.vector_146)
                0x9d000200                . = ALIGN (0x4)
                0x00000208                __vector_offset_147 = DEFINED (__vector_dispatch_147)?(. - _ebase_address):__vector_offset_default
 *(.vector_147)
                0x9d000200                . = ALIGN (0x4)
                0x00000208                __vector_offset_148 = DEFINED (__vector_dispatch_148)?(. - _ebase_address):__vector_offset_default
 *(.vector_148)
                0x9d000200                . = ALIGN (0x4)
                0x00000208                __vector_offset_149 = DEFINED (__vector_dispatch_149)?(. - _ebase_address):__vector_offset_default
 *(.vector_149)
                0x9d000200                . = ALIGN (0x4)
                0x00000208                __vector_offset_150 = DEFINED (__vector_dispatch_150)?(. - _ebase_address):__vector_offset_default
 *(.vector_150)
                0x9d000200                . = ALIGN (0x4)
                0x00000208                __vector_offset_151 = DEFINED (__vector_dispatch_151)?(. - _ebase_address):__vector_offset_default
 *(.vector_151)
                0x9d000200                . = ALIGN (0x4)
                0x00000208                __vector_offset_152 = DEFINED (__vector_dispatch_152)?(. - _ebase_address):__vector_offset_default
 *(.vector_152)
                0x9d000200                . = ALIGN (0x4)
                0x00000208                __vector_offset_153 = DEFINED (__vector_dispatch_153)?(. - _ebase_address):__vector_offset_default
 *(.vector_153)
                0x9d000200                . = ALIGN (0x4)
                0x00000208                __vector_offset_154 = DEFINED (__vector_dispatch_154)?(. - _ebase_address):__vector_offset_default
 *(.vector_154)
                0x9d000200                . = ALIGN (0x4)
                0x00000208                __vector_offset_155 = DEFINED (__vector_dispatch_155)?(. - _ebase_address):__vector_offset_default
 *(.vector_155)
                0x9d000200                . = ALIGN (0x4)
                0x00000208                __vector_offset_156 = DEFINED (__vector_dispatch_156)?(. - _ebase_address):__vector_offset_default
 *(.vector_156)
                0x9d000200                . = ALIGN (0x4)
                0x00000208                __vector_offset_157 = DEFINED (__vector_dispatch_157)?(. - _ebase_address):__vector_offset_default
 *(.vector_157)
                0x9d000200                . = ALIGN (0x4)
                0x00000208                __vector_offset_158 = DEFINED (__vector_dispatch_158)?(. - _ebase_address):__vector_offset_default
 *(.vector_158)
                0x9d000200                . = ALIGN (0x4)
                0x00000208                __vector_offset_159 = DEFINED (__vector_dispatch_159)?(. - _ebase_address):__vector_offset_default
 *(.vector_159)
                0x9d000200                . = ALIGN (0x4)
                0x00000208                __vector_offset_160 = DEFINED (__vector_dispatch_160)?(. - _ebase_address):__vector_offset_default
 *(.vector_160)
                0x9d000200                . = ALIGN (0x4)
                0x00000208                __vector_offset_161 = DEFINED (__vector_dispatch_161)?(. - _ebase_address):__vector_offset_default
 *(.vector_161)
                0x9d000200                . = ALIGN (0x4)
                0x00000208                __vector_offset_162 = DEFINED (__vector_dispatch_162)?(. - _ebase_address):__vector_offset_default
 *(.vector_162)
                0x9d000200                . = ALIGN (0x4)
                0x00000208                __vector_offset_163 = DEFINED (__vector_dispatch_163)?(. - _ebase_address):__vector_offset_default
 *(.vector_163)
                0x9d000200                . = ALIGN (0x4)
                0x00000208                __vector_offset_164 = DEFINED (__vector_dispatch_164)?(. - _ebase_address):__vector_offset_default
 *(.vector_164)
                0x9d000200                . = ALIGN (0x4)
                0x00000208                __vector_offset_165 = DEFINED (__vector_dispatch_165)?(. - _ebase_address):__vector_offset_default
 *(.vector_165)
                0x9d000200                . = ALIGN (0x4)
                0x00000208                __vector_offset_166 = DEFINED (__vector_dispatch_166)?(. - _ebase_address):__vector_offset_default
 *(.vector_166)
                0x9d000200                . = ALIGN (0x4)
                0x00000208                __vector_offset_167 = DEFINED (__vector_dispatch_167)?(. - _ebase_address):__vector_offset_default
 *(.vector_167)
                0x9d000200                . = ALIGN (0x4)
                0x00000208                __vector_offset_168 = DEFINED (__vector_dispatch_168)?(. - _ebase_address):__vector_offset_default
 *(.vector_168)
                0x9d000200                . = ALIGN (0x4)
                0x00000208                __vector_offset_169 = DEFINED (__vector_dispatch_169)?(. - _ebase_address):__vector_offset_default
 *(.vector_169)
                0x9d000200                . = ALIGN (0x4)
                0x00000208                __vector_offset_170 = DEFINED (__vector_dispatch_170)?(. - _ebase_address):__vector_offset_default
 *(.vector_170)
                0x9d000200                . = ALIGN (0x4)
                0x00000200                __vector_offset_171 = DEFINED (__vector_dispatch_171)?(. - _ebase_address):__vector_offset_default
 *(.vector_171)
 .vector_171    0x9d000200        0x8 build/V3_MCF1024/production/_ext/559960290/interrupts.o
                0x9d000200                __vector_dispatch_171
                0x9d000208                . = ALIGN (0x4)
                0x00000208                __vector_offset_172 = DEFINED (__vector_dispatch_172)?(. - _ebase_address):__vector_offset_default
 *(.vector_172)
                0x9d000208                . = ALIGN (0x4)
                0x00000208                __vector_offset_173 = DEFINED (__vector_dispatch_173)?(. - _ebase_address):__vector_offset_default
 *(.vector_173)
                0x9d000208                . = ALIGN (0x4)
                0x00000208                __vector_offset_174 = DEFINED (__vector_dispatch_174)?(. - _ebase_address):__vector_offset_default
 *(.vector_174)
                0x9d000208                . = ALIGN (0x4)
                0x00000208                __vector_offset_175 = DEFINED (__vector_dispatch_175)?(. - _ebase_address):__vector_offset_default
 *(.vector_175)
                0x9d000208                . = ALIGN (0x4)
                0x00000208                __vector_offset_176 = DEFINED (__vector_dispatch_176)?(. - _ebase_address):__vector_offset_default
 *(.vector_176)
                0x9d000208                . = ALIGN (0x4)
                0x00000208                __vector_offset_177 = DEFINED (__vector_dispatch_177)?(. - _ebase_address):__vector_offset_default
 *(.vector_177)
                0x9d000208                . = ALIGN (0x4)
                0x00000208                __vector_offset_178 = DEFINED (__vector_dispatch_178)?(. - _ebase_address):__vector_offset_default
 *(.vector_178)
                0x9d000208                . = ALIGN (0x4)
                0x00000208                __vector_offset_179 = DEFINED (__vector_dispatch_179)?(. - _ebase_address):__vector_offset_default
 *(.vector_179)
                0x9d000208                . = ALIGN (0x4)
                0x00000208                __vector_offset_180 = DEFINED (__vector_dispatch_180)?(. - _ebase_address):__vector_offset_default
 *(.vector_180)
                0x9d000208                . = ALIGN (0x4)
                0x00000208                __vector_offset_181 = DEFINED (__vector_dispatch_181)?(. - _ebase_address):__vector_offset_default
 *(.vector_181)
                0x9d000208                . = ALIGN (0x4)
                0x00000208                __vector_offset_182 = DEFINED (__vector_dispatch_182)?(. - _ebase_address):__vector_offset_default
 *(.vector_182)
                0x9d000208                . = ALIGN (0x4)
                0x00000208                __vector_offset_183 = DEFINED (__vector_dispatch_183)?(. - _ebase_address):__vector_offset_default
 *(.vector_183)
                0x9d000208                . = ALIGN (0x4)
                0x00000208                __vector_offset_184 = DEFINED (__vector_dispatch_184)?(. - _ebase_address):__vector_offset_default
 *(.vector_184)
                0x9d000208                . = ALIGN (0x4)
                0x00000208                __vector_offset_185 = DEFINED (__vector_dispatch_185)?(. - _ebase_address):__vector_offset_default
 *(.vector_185)
                0x9d000208                . = ALIGN (0x4)
                0x00000208                __vector_offset_186 = DEFINED (__vector_dispatch_186)?(. - _ebase_address):__vector_offset_default
 *(.vector_186)
                0x9d000208                . = ALIGN (0x4)
                0x00000208                __vector_offset_187 = DEFINED (__vector_dispatch_187)?(. - _ebase_address):__vector_offset_default
 *(.vector_187)
                0x9d000208                . = ALIGN (0x4)
                0x00000208                __vector_offset_188 = DEFINED (__vector_dispatch_188)?(. - _ebase_address):__vector_offset_default
 *(.vector_188)
                0x9d000208                . = ALIGN (0x4)
                0x00000208                __vector_offset_189 = DEFINED (__vector_dispatch_189)?(. - _ebase_address):__vector_offset_default
 *(.vector_189)
                0x9d000208                . = ALIGN (0x4)
                0x00000208                __vector_offset_190 = DEFINED (__vector_dispatch_190)?(. - _ebase_address):__vector_offset_default
 *(.vector_190)
                0x9d000208                . = ALIGN (0x4)
                0x00000208                __vector_offset_191 = DEFINED (__vector_dispatch_191)?(. - _ebase_address):__vector_offset_default
 *(.vector_191)
                0x9d000208                . = ALIGN (0x4)
                0x00000208                __vector_offset_192 = DEFINED (__vector_dispatch_192)?(. - _ebase_address):__vector_offset_default
 *(.vector_192)
                0x9d000208                . = ALIGN (0x4)
                0x00000208                __vector_offset_193 = DEFINED (__vector_dispatch_193)?(. - _ebase_address):__vector_offset_default
 *(.vector_193)
                0x9d000208                . = ALIGN (0x4)
                0x00000208                __vector_offset_194 = DEFINED (__vector_dispatch_194)?(. - _ebase_address):__vector_offset_default
 *(.vector_194)
                0x9d000208                . = ALIGN (0x4)
                0x00000208                __vector_offset_195 = DEFINED (__vector_dispatch_195)?(. - _ebase_address):__vector_offset_default
 *(.vector_195)
                0x9d000208                . = ALIGN (0x4)
                0x00000208                __vector_offset_196 = DEFINED (__vector_dispatch_196)?(. - _ebase_address):__vector_offset_default
 *(.vector_196)
                0x9d000208                . = ALIGN (0x4)
                0x00000208                __vector_offset_197 = DEFINED (__vector_dispatch_197)?(. - _ebase_address):__vector_offset_default
 *(.vector_197)
                0x9d000208                . = ALIGN (0x4)
                0x00000208                __vector_offset_198 = DEFINED (__vector_dispatch_198)?(. - _ebase_address):__vector_offset_default
 *(.vector_198)
                0x9d000208                . = ALIGN (0x4)
                0x00000208                __vector_offset_199 = DEFINED (__vector_dispatch_199)?(. - _ebase_address):__vector_offset_default
 *(.vector_199)
                0x9d000208                . = ALIGN (0x4)
                0x00000208                __vector_offset_200 = DEFINED (__vector_dispatch_200)?(. - _ebase_address):__vector_offset_default
 *(.vector_200)
                0x9d000208                . = ALIGN (0x4)
                0x00000208                __vector_offset_201 = DEFINED (__vector_dispatch_201)?(. - _ebase_address):__vector_offset_default
 *(.vector_201)
                0x9d000208                . = ALIGN (0x4)
                0x00000208                __vector_offset_202 = DEFINED (__vector_dispatch_202)?(. - _ebase_address):__vector_offset_default
 *(.vector_202)
                0x9d000208                . = ALIGN (0x4)
                0x00000208                __vector_offset_203 = DEFINED (__vector_dispatch_203)?(. - _ebase_address):__vector_offset_default
 *(.vector_203)
                0x9d000208                . = ALIGN (0x4)
                0x00000208                __vector_offset_204 = DEFINED (__vector_dispatch_204)?(. - _ebase_address):__vector_offset_default
 *(.vector_204)
                0x9d000208                . = ALIGN (0x4)
                0x00000208                __vector_offset_205 = DEFINED (__vector_dispatch_205)?(. - _ebase_address):__vector_offset_default
 *(.vector_205)
                0x9d000208                . = ALIGN (0x4)
                0x00000208                __vector_offset_206 = DEFINED (__vector_dispatch_206)?(. - _ebase_address):__vector_offset_default
 *(.vector_206)
                0x9d000208                . = ALIGN (0x4)
                0x00000208                __vector_offset_207 = DEFINED (__vector_dispatch_207)?(. - _ebase_address):__vector_offset_default
 *(.vector_207)
                0x9d000208                . = ALIGN (0x4)
                0x00000208                __vector_offset_208 = DEFINED (__vector_dispatch_208)?(. - _ebase_address):__vector_offset_default
 *(.vector_208)
                0x9d000208                . = ALIGN (0x4)
                0x00000208                __vector_offset_209 = DEFINED (__vector_dispatch_209)?(. - _ebase_address):__vector_offset_default
 *(.vector_209)
                0x9d000208                . = ALIGN (0x4)
                0x00000208                __vector_offset_210 = DEFINED (__vector_dispatch_210)?(. - _ebase_address):__vector_offset_default
 *(.vector_210)
                0x9d000208                . = ALIGN (0x4)
                0x00000208                __vector_offset_211 = DEFINED (__vector_dispatch_211)?(. - _ebase_address):__vector_offset_default
 *(.vector_211)
                0x9d000208                . = ALIGN (0x4)
                0x00000208                __vector_offset_212 = DEFINED (__vector_dispatch_212)?(. - _ebase_address):__vector_offset_default
 *(.vector_212)
                0x9d000208                . = ALIGN (0x4)
                0x00000208                __vector_offset_213 = DEFINED (__vector_dispatch_213)?(. - _ebase_address):__vector_offset_default
 *(.vector_213)
                0x9d000208                . = ALIGN (0x4)
                0x00000208                __vector_offset_214 = DEFINED (__vector_dispatch_214)?(. - _ebase_address):__vector_offset_default
 *(.vector_214)
                0x9d000208                . = ALIGN (0x4)
                0x00000208                __vector_offset_215 = DEFINED (__vector_dispatch_215)?(. - _ebase_address):__vector_offset_default
 *(.vector_215)
                0x9d000208                . = ALIGN (0x4)
                0x00000208                __vector_offset_216 = DEFINED (__vector_dispatch_216)?(. - _ebase_address):__vector_offset_default
 *(.vector_216)
                0x9d000208                . = ALIGN (0x4)
                0x00000208                __vector_offset_217 = DEFINED (__vector_dispatch_217)?(. - _ebase_address):__vector_offset_default
 *(.vector_217)
                0x9d000208                . = ALIGN (0x4)
                0x00000208                __vector_offset_218 = DEFINED (__vector_dispatch_218)?(. - _ebase_address):__vector_offset_default
 *(.vector_218)
                0x9d000208                . = ALIGN (0x4)
                0x00000208                __vector_offset_219 = DEFINED (__vector_dispatch_219)?(. - _ebase_address):__vector_offset_default
 *(.vector_219)
                0x9d000208                . = ALIGN (0x4)
                0x00000208                __vector_offset_220 = DEFINED (__vector_dispatch_220)?(. - _ebase_address):__vector_offset_default
 *(.vector_220)
                0x9d000208                . = ALIGN (0x4)
                0x00000208                __vector_offset_221 = DEFINED (__vector_dispatch_221)?(. - _ebase_address):__vector_offset_default
 *(.vector_221)
                0x9d000208                . = ALIGN (0x4)
                0x00000208                __vector_offset_222 = DEFINED (__vector_dispatch_222)?(. - _ebase_address):__vector_offset_default
 *(.vector_222)
                0x9d000208                . = ALIGN (0x4)
                0x00000208                __vector_offset_223 = DEFINED (__vector_dispatch_223)?(. - _ebase_address):__vector_offset_default
 *(.vector_223)
                0x9d000208                . = ALIGN (0x4)
                0x00000208                __vector_offset_224 = DEFINED (__vector_dispatch_224)?(. - _ebase_address):__vector_offset_default
 *(.vector_224)
                0x9d000208                . = ALIGN (0x4)
                0x00000208                __vector_offset_225 = DEFINED (__vector_dispatch_225)?(. - _ebase_address):__vector_offset_default
 *(.vector_225)
                0x9d000208                . = ALIGN (0x4)
                0x00000208                __vector_offset_226 = DEFINED (__vector_dispatch_226)?(. - _ebase_address):__vector_offset_default
 *(.vector_226)
                0x9d000208                . = ALIGN (0x4)
                0x00000208                __vector_offset_227 = DEFINED (__vector_dispatch_227)?(. - _ebase_address):__vector_offset_default
 *(.vector_227)
                0x9d000208                . = ALIGN (0x4)
                0x00000208                __vector_offset_228 = DEFINED (__vector_dispatch_228)?(. - _ebase_address):__vector_offset_default
 *(.vector_228)
                0x9d000208                . = ALIGN (0x4)
                0x00000208                __vector_offset_229 = DEFINED (__vector_dispatch_229)?(. - _ebase_address):__vector_offset_default
 *(.vector_229)
                0x9d000208                . = ALIGN (0x4)
                0x00000208                __vector_offset_230 = DEFINED (__vector_dispatch_230)?(. - _ebase_address):__vector_offset_default
 *(.vector_230)
                0x9d000208                . = ALIGN (0x4)
                0x00000208                __vector_offset_231 = DEFINED (__vector_dispatch_231)?(. - _ebase_address):__vector_offset_default
 *(.vector_231)
                0x9d000208                . = ALIGN (0x4)
                0x00000208                __vector_offset_232 = DEFINED (__vector_dispatch_232)?(. - _ebase_address):__vector_offset_default
 *(.vector_232)
                0x9d000208                . = ALIGN (0x4)
                0x00000208                __vector_offset_233 = DEFINED (__vector_dispatch_233)?(. - _ebase_address):__vector_offset_default
 *(.vector_233)
                0x9d000208                . = ALIGN (0x4)
                0x00000208                __vector_offset_234 = DEFINED (__vector_dispatch_234)?(. - _ebase_address):__vector_offset_default
 *(.vector_234)
                0x9d000208                . = ALIGN (0x4)
                0x00000208                __vector_offset_235 = DEFINED (__vector_dispatch_235)?(. - _ebase_address):__vector_offset_default
 *(.vector_235)
                0x9d000208                . = ALIGN (0x4)
                0x00000208                __vector_offset_236 = DEFINED (__vector_dispatch_236)?(. - _ebase_address):__vector_offset_default
 *(.vector_236)
                0x9d000208                . = ALIGN (0x4)
                0x00000208                __vector_offset_237 = DEFINED (__vector_dispatch_237)?(. - _ebase_address):__vector_offset_default
 *(.vector_237)
                0x9d000208                . = ALIGN (0x4)
                0x00000208                __vector_offset_238 = DEFINED (__vector_dispatch_238)?(. - _ebase_address):__vector_offset_default
 *(.vector_238)
                0x9d000208                . = ALIGN (0x4)
                0x00000208                __vector_offset_239 = DEFINED (__vector_dispatch_239)?(. - _ebase_address):__vector_offset_default
 *(.vector_239)
                0x9d000208                . = ALIGN (0x4)
                0x00000208                __vector_offset_240 = DEFINED (__vector_dispatch_240)?(. - _ebase_address):__vector_offset_default
 *(.vector_240)
                0x9d000208                . = ALIGN (0x4)
                0x00000208                __vector_offset_241 = DEFINED (__vector_dispatch_241)?(. - _ebase_address):__vector_offset_default
 *(.vector_241)
                0x9d000208                . = ALIGN (0x4)
                0x00000208                __vector_offset_242 = DEFINED (__vector_dispatch_242)?(. - _ebase_address):__vector_offset_default
 *(.vector_242)
                0x9d000208                . = ALIGN (0x4)
                0x00000208                __vector_offset_243 = DEFINED (__vector_dispatch_243)?(. - _ebase_address):__vector_offset_default
 *(.vector_243)
                0x9d000208                . = ALIGN (0x4)
                0x00000208                __vector_offset_244 = DEFINED (__vector_dispatch_244)?(. - _ebase_address):__vector_offset_default
 *(.vector_244)
                0x9d000208                . = ALIGN (0x4)
                0x00000208                __vector_offset_245 = DEFINED (__vector_dispatch_245)?(. - _ebase_address):__vector_offset_default
 *(.vector_245)
                0x9d000208                . = ALIGN (0x4)
                0x00000208                __vector_offset_246 = DEFINED (__vector_dispatch_246)?(. - _ebase_address):__vector_offset_default
 *(.vector_246)
                0x9d000208                . = ALIGN (0x4)
                0x00000208                __vector_offset_247 = DEFINED (__vector_dispatch_247)?(. - _ebase_address):__vector_offset_default
 *(.vector_247)
                0x9d000208                . = ALIGN (0x4)
                0x00000208                __vector_offset_248 = DEFINED (__vector_dispatch_248)?(. - _ebase_address):__vector_offset_default
 *(.vector_248)
                0x9d000208                . = ALIGN (0x4)
                0x00000208                __vector_offset_249 = DEFINED (__vector_dispatch_249)?(. - _ebase_address):__vector_offset_default
 *(.vector_249)
                0x9d000208                . = ALIGN (0x4)
                0x00000208                __vector_offset_250 = DEFINED (__vector_dispatch_250)?(. - _ebase_address):__vector_offset_default
 *(.vector_250)
                0x9d000208                . = ALIGN (0x4)
                0x00000208                __vector_offset_251 = DEFINED (__vector_dispatch_251)?(. - _ebase_address):__vector_offset_default
 *(.vector_251)
                0x9d000208                . = ALIGN (0x4)
                0x00000208                __vector_offset_252 = DEFINED (__vector_dispatch_252)?(. - _ebase_address):__vector_offset_default
 *(.vector_252)
                0x9d000208                . = ALIGN (0x4)
                0x00000208                __vector_offset_253 = DEFINED (__vector_dispatch_253)?(. - _ebase_address):__vector_offset_default
 *(.vector_253)
                0x9d000208                . = ALIGN (0x4)
                0x00000208                __vector_offset_254 = DEFINED (__vector_dispatch_254)?(. - _ebase_address):__vector_offset_default
 *(.vector_254)
                0x9d000208                . = ALIGN (0x4)
                0x00000208                __vector_offset_255 = DEFINED (__vector_dispatch_255)?(. - _ebase_address):__vector_offset_default
 *(.vector_255)
                0x9d000208                . = ALIGN (0x4)
                0x00000208                __vector_offset_default = (. - _ebase_address)
 *(.vector_default)
 .vector_default
                0x9d000208       0x48 /opt/microchip/xc32/v2.50/bin/bin/../../lib/gcc/pic32mx/4.8.3/../../../../pic32mx/lib/fpu64/libpic32.a(defaultinterrupt.o)
                0x9d000208                _DefaultInterrupt

.startup
 *(.startup)

.text           0x9d000250        0x0
 *(.stub .gnu.linkonce.t.*)
 *(.text.*personality*)
 *(.mips16.fn.*)
 *(.mips16.call.*)
 *(.gnu.warning)
                0x9d000250                . = ALIGN (0x4)

.init           0x9d000250        0x0
 *crti.o(.init)
 *crtbegin.o(.init)
 *(EXCLUDE_FILE(*crtn.o *crtend?.o *crtend.o) .init)
 *crtend.o(.init)
 *crtn.o(.init)
                0x9d000250                . = ALIGN (0x4)

.fini           0x9d000250        0x0
 *(.fini)
                0x9d000250                . = ALIGN (0x4)

.preinit_array  0x9d000250        0x0
                0x9d000250                PROVIDE (__preinit_array_start, .)
 *(.preinit_array)
                0x9d000250                PROVIDE (__preinit_array_end, .)
                0x9d000250                . = ALIGN (0x4)

.init_array     0x9d000250        0x0
                0x9d000250                PROVIDE (__init_array_start, .)
 *(SORT(.init_array.*))
 *(.init_array)
                0x9d000250                PROVIDE (__init_array_end, .)
                0x9d000250                . = ALIGN (0x4)

.fini_array     0x9d000250        0x0
                0x9d000250                PROVIDE (__fini_array_start, .)
 *(SORT(.fini_array.*))
 *(.fini_array)
                0x9d000250                PROVIDE (__fini_array_end, .)
                0x9d000250                . = ALIGN (0x4)

.ctors          0x9d000250        0x0
 *crtbegin.o(.ctors)
 *crtbegin?.o(.ctors)
 *(EXCLUDE_FILE(*crtend?.o *crtend.o) .ctors)
 *(SORT(.ctors.*))
 *(.ctors)
                0x9d000250                . = ALIGN (0x4)

.dtors          0x9d000250        0x0
 *crtbegin.o(.dtors)
 *crtbegin?.o(.dtors)
 *(EXCLUDE_FILE(*crtend?.o *crtend.o) .dtors)
 *(SORT(.dtors.*))
 *(.dtors)
                0x9d000250                . = ALIGN (0x4)

.rodata         0x9d000250        0x0
 *(.gnu.linkonce.r.*)
 *(.rodata1)
                0x9d000250                . = ALIGN (0x4)

.sdata2         0x9fc20490        0x0
 *(.sdata2 .sdata2.* .gnu.linkonce.s2.*)
                0x9fc20490                . = ALIGN (0x4)

.sbss2          0x9fc20490        0x0
 *(.sbss2 .sbss2.* .gnu.linkonce.sb2.*)
                0x9fc20490                . = ALIGN (0x4)

.eh_frame_hdr
 *(.eh_frame_hdr)
                0x9fc20490                . = ALIGN (0x4)

.eh_frame
 *(.eh_frame)
                0x9fc20490                . = ALIGN (0x4)

.gcc_except_table
 *(.gcc_except_table .gcc_except_table.*)
                0x9fc20490                . = ALIGN (0x4)

.dbg_data       0x80000000        0x0
                0x80000000                . = (. + DEFINED (_DEBUGGER)?0x200:0x0)
                0x80000000                . = (. + DEFINED (_DEBUGGER)?0x80:0x0)
                0x80000000                . = (. + DEFINED (_DEBUGGER)?0x100:0x0)

.jcr            0x80000000        0x0
 *(.jcr)
                0x80000000                . = ALIGN (0x4)

.eh_frame
 *(.eh_frame)
                0x80000000                . = ALIGN (0x4)

.gcc_except_table
 *(.gcc_except_table .gcc_except_table.*)
                0x80000000                . = ALIGN (0x4)

.persist        0x80000000        0x0
                0x80000000                _persist_begin = .
 *(.persist .persist.*)
                0x80000000                . = ALIGN (0x4)
                0x80000000                _persist_end = .

.data           0x80000000        0x0
 *(.gnu.linkonce.d.*)
 *(.data1)
                0x80000000                . = ALIGN (0x4)
                0x80000000                . = .
                0x80007ff0                _gp = (ALIGN (0x10) + 0x7ff0)

.got            0x80000000        0x0
 *(.got.plt)
 *(.got)
                0x80000000                . = ALIGN (0x4)

.sdata          0x80000000       0xc4
                0x80000000                _sdata_begin = .
 *(.sdata .sdata.* .gnu.linkonce.s.*)
 .sdata         0x80000000       0x34 build/V3_MCF1024/production/_ext/1639450193/driver_ADC.o
 .sdata         0x80000034        0x4 build/V3_MCF1024/production/_ext/1639450193/driver_PWM.o
 .sdata         0x80000038        0x4 build/V3_MCF1024/production/_ext/1375476428/device_stat.o
 .sdata         0x8000003c       0x40 build/V3_MCF1024/production/_ext/1200941409/application_software.o
 .sdata         0x8000007c       0x48 build/V3_MCF1024/production/_ext/1200941409/state_engine.o
                0x800000c4                . = ALIGN (0x4)
                0x800000c4                _sdata_end = .

.lit8
 *(.lit8)

.lit4
 *(.lit4)
                0x800000c4                . = ALIGN (0x4)
                0x800000c4                _data_end = .
                0x800000c4                _bss_begin = .

.sbss           0x800000c4      0x1a4
                0x800000c4                _sbss_begin = .
 *(.dynsbss)
 *(.sbss .sbss.* .gnu.linkonce.sb.*)
 .sbss          0x800000c4        0x8 build/V3_MCF1024/production/_ext/559960290/exceptions.o
 .sbss          0x800000cc       0x3c build/V3_MCF1024/production/_ext/1639450193/driver_ADC.o
 .sbss          0x80000108        0x8 build/V3_MCF1024/production/_ext/1639450193/driver_GPIO.o
 .sbss          0x80000110       0x14 build/V3_MCF1024/production/_ext/1639450193/driver_SPI.o
 .sbss          0x80000124       0x10 build/V3_MCF1024/production/_ext/1639450193/driver_UART.o
 .sbss          0x80000134        0x4 build/V3_MCF1024/production/_ext/1375476428/diagnostics.o
 .sbss          0x80000138       0x74 build/V3_MCF1024/production/_ext/1375476428/tuning.o
 .sbss          0x800001ac       0x44 build/V3_MCF1024/production/_ext/1200941409/application_software.o
 .sbss          0x800001f0       0x70 build/V3_MCF1024/production/_ext/1200941409/state_engine.o
 *(.scommon)
 .scommon       0x80000260        0x8 build/V3_MCF1024/production/_ext/1961884374/plib_mcpwm.o
                0x80000260                mcpwmPriEventObj
                0x80000268                _sbss_end = .
                0x80000268                . = ALIGN (0x4)

.bss            0x80000268        0x0
 *(.dynbss)
 *(COMMON)
                0x80000268                . = ALIGN ((. != 0x0)?0x4:0x1)
                0x80000268                . = ALIGN (0x4)
                0x80000268                _end = .
                0x80000268                _bss_end = .
                0x00040000                _bmxdudba_address = 0x40000
                0x00040000                _bmxdupba_address = 0x40000

/DISCARD/
 *(.pdr)
 *(.rel.dyn)
 *(.note.GNU-stack)
 *(.note.GNU-stack)
 *(.gnu_debuglink)
 *(.gnu.lto_*)
 *(.discard)

.gptab.sdata
 *(.gptab.data)
 *(.gptab.sdata)

.gptab.sbss
 *(.gptab.bss)
 *(.gptab.sbss)

.mdebug.abi32   0x00000000        0x0
 *(.mdebug.abi32)
 .mdebug.abi32  0x00000000        0x0 build/V3_MCF1024/production/_ext/1972949787/plib_adchs.o
 .mdebug.abi32  0x00000000        0x0 build/V3_MCF1024/production/_ext/894868023/plib_cdac1.o
 .mdebug.abi32  0x00000000        0x0 build/V3_MCF1024/production/_ext/894868023/plib_cdac2.o
 .mdebug.abi32  0x00000000        0x0 build/V3_MCF1024/production/_ext/894868023/plib_cdac3.o
 .mdebug.abi32  0x00000000        0x0 build/V3_MCF1024/production/_ext/444508452/plib_clk.o
 .mdebug.abi32  0x00000000        0x0 build/V3_MCF1024/production/_ext/916064250/plib_eeprom.o
 .mdebug.abi32  0x00000000        0x0 build/V3_MCF1024/production/_ext/894790895/plib_evic.o
 .mdebug.abi32  0x00000000        0x0 build/V3_MCF1024/production/_ext/894737067/plib_gpio.o
 .mdebug.abi32  0x00000000        0x0 build/V3_MCF1024/production/_ext/1961884374/plib_mcpwm.o
 .mdebug.abi32  0x00000000        0x0 build/V3_MCF1024/production/_ext/1340093086/plib_spi4_master.o
 .mdebug.abi32  0x00000000        0x0 build/V3_MCF1024/production/_ext/894334124/plib_uart1.o
 .mdebug.abi32  0x00000000        0x0 build/V3_MCF1024/production/_ext/1780272356/xc32_monitor.o
 .mdebug.abi32  0x00000000        0x0 build/V3_MCF1024/production/_ext/559960290/initialization.o
 .mdebug.abi32  0x00000000        0x0 build/V3_MCF1024/production/_ext/559960290/interrupts.o
 .mdebug.abi32  0x00000000        0x0 build/V3_MCF1024/production/_ext/559960290/exceptions.o
 .mdebug.abi32  0x00000000        0x0 build/V3_MCF1024/production/_ext/1639450193/driver_ADC.o
 .mdebug.abi32  0x00000000        0x0 build/V3_MCF1024/production/_ext/1639450193/driver_GPIO.o
 .mdebug.abi32  0x00000000        0x0 build/V3_MCF1024/production/_ext/1639450193/driver_PWM.o
 .mdebug.abi32  0x00000000        0x0 build/V3_MCF1024/production/_ext/1639450193/driver_SPI.o
 .mdebug.abi32  0x00000000        0x0 build/V3_MCF1024/production/_ext/1639450193/driver_UART.o
 .mdebug.abi32  0x00000000        0x0 build/V3_MCF1024/production/_ext/1375476428/diagnostics.o
 .mdebug.abi32  0x00000000        0x0 build/V3_MCF1024/production/_ext/1375476428/fastmath.o
 .mdebug.abi32  0x00000000        0x0 build/V3_MCF1024/production/_ext/1375476428/tuning.o
 .mdebug.abi32  0x00000000        0x0 build/V3_MCF1024/production/_ext/1375476428/device_stat.o
 .mdebug.abi32  0x00000000        0x0 build/V3_MCF1024/production/_ext/1200941409/application_software.o
 .mdebug.abi32  0x00000000        0x0 build/V3_MCF1024/production/_ext/1200941409/fault.o
 .mdebug.abi32  0x00000000        0x0 build/V3_MCF1024/production/_ext/1200941409/state_engine.o
 .mdebug.abi32  0x00000000        0x0 build/V3_MCF1024/production/_ext/1360937237/main.o
 .mdebug.abi32  0x00000000        0x0 /opt/microchip/xc32/v2.50/bin/bin/../../lib/gcc/pic32mx/4.8.3/../../../../pic32mx/lib/fpu64/libpic32.a(default-on-reset.o)
 .mdebug.abi32  0x00000000        0x0 /opt/microchip/xc32/v2.50/bin/bin/../../lib/gcc/pic32mx/4.8.3/../../../../pic32mx/lib/fpu64/libpic32.a(default-on-bootstrap.o)
 .mdebug.abi32  0x00000000        0x0 /opt/microchip/xc32/v2.50/bin/bin/../../lib/gcc/pic32mx/4.8.3/../../../../pic32mx/lib/fpu64/libpic32.a(defaultinterrupt.o)
 .mdebug.abi32  0x00000000        0x0 /opt/microchip/xc32/v2.50/bin/bin/../../lib/gcc/pic32mx/4.8.3/../../../../pic32mx/lib/fpu64/libmfd.a(s_cos.o)
 .mdebug.abi32  0x00000000        0x0 /opt/microchip/xc32/v2.50/bin/bin/../../lib/gcc/pic32mx/4.8.3/../../../../pic32mx/lib/fpu64/libmfd.a(s_fabs.o)
 .mdebug.abi32  0x00000000        0x0 /opt/microchip/xc32/v2.50/bin/bin/../../lib/gcc/pic32mx/4.8.3/../../../../pic32mx/lib/fpu64/libmfd.a(s_sin.o)
 .mdebug.abi32  0x00000000        0x0 /opt/microchip/xc32/v2.50/bin/bin/../../lib/gcc/pic32mx/4.8.3/../../../../pic32mx/lib/fpu64/libmfd.a(pic32_w_sqrt.o)
 .mdebug.abi32  0x00000000        0x0 /opt/microchip/xc32/v2.50/bin/bin/../../lib/gcc/pic32mx/4.8.3/../../../../pic32mx/lib/fpu64/libmfd.a(e_rem_pio2.o)
 .mdebug.abi32  0x00000000        0x0 /opt/microchip/xc32/v2.50/bin/bin/../../lib/gcc/pic32mx/4.8.3/../../../../pic32mx/lib/fpu64/libmfd.a(k_cos.o)
 .mdebug.abi32  0x00000000        0x0 /opt/microchip/xc32/v2.50/bin/bin/../../lib/gcc/pic32mx/4.8.3/../../../../pic32mx/lib/fpu64/libmfd.a(k_sin.o)
 .mdebug.abi32  0x00000000        0x0 /opt/microchip/xc32/v2.50/bin/bin/../../lib/gcc/pic32mx/4.8.3/../../../../pic32mx/lib/fpu64/libpic32.a(errno.o)

.mdebug.abiN32
 *(.mdebug.abiN32)

.mdebug.abi64
 *(.mdebug.abi64)

.mdebug.abiO64
 *(.mdebug.abiO64)

.mdebug.eabi32
 *(.mdebug.eabi32)

.mdebug.eabi64
 *(.mdebug.eabi64)

.gcc_compiled_long32
 *(.gcc_compiled_long32)

.gcc_compiled_long64
 *(.gcc_compiled_long64)

.stab
 *(.stab)

.stabstr
 *(.stabstr)

.stab.excl
 *(.stab.excl)

.stab.exclstr
 *(.stab.exclstr)

.stab.index
 *(.stab.index)

.stab.indexstr
 *(.stab.indexstr)

.comment        0x00000000       0x3c
 *(.comment)
 .comment       0x00000000       0x3c build/V3_MCF1024/production/_ext/1972949787/plib_adchs.o
                                 0x3d (size before relaxing)
 .comment       0x00000000       0x3d build/V3_MCF1024/production/_ext/894868023/plib_cdac1.o
 .comment       0x00000000       0x3d build/V3_MCF1024/production/_ext/894868023/plib_cdac2.o
 .comment       0x00000000       0x3d build/V3_MCF1024/production/_ext/894868023/plib_cdac3.o
 .comment       0x00000000       0x3d build/V3_MCF1024/production/_ext/444508452/plib_clk.o
 .comment       0x00000000       0x3d build/V3_MCF1024/production/_ext/916064250/plib_eeprom.o
 .comment       0x00000000       0x3d build/V3_MCF1024/production/_ext/894790895/plib_evic.o
 .comment       0x00000000       0x3d build/V3_MCF1024/production/_ext/894737067/plib_gpio.o
 .comment       0x00000000       0x3d build/V3_MCF1024/production/_ext/1961884374/plib_mcpwm.o
 .comment       0x00000000       0x3d build/V3_MCF1024/production/_ext/1340093086/plib_spi4_master.o
 .comment       0x00000000       0x3d build/V3_MCF1024/production/_ext/894334124/plib_uart1.o
 .comment       0x00000000       0x3d build/V3_MCF1024/production/_ext/1780272356/xc32_monitor.o
 .comment       0x00000000       0x3d build/V3_MCF1024/production/_ext/559960290/initialization.o
 .comment       0x00000000       0x3d build/V3_MCF1024/production/_ext/559960290/interrupts.o
 .comment       0x00000000       0x3d build/V3_MCF1024/production/_ext/559960290/exceptions.o
 .comment       0x00000000       0x3d build/V3_MCF1024/production/_ext/1639450193/driver_ADC.o
 .comment       0x00000000       0x3d build/V3_MCF1024/production/_ext/1639450193/driver_GPIO.o
 .comment       0x00000000       0x3d build/V3_MCF1024/production/_ext/1639450193/driver_PWM.o
 .comment       0x00000000       0x3d build/V3_MCF1024/production/_ext/1639450193/driver_SPI.o
 .comment       0x00000000       0x3d build/V3_MCF1024/production/_ext/1639450193/driver_UART.o
 .comment       0x00000000       0x3d build/V3_MCF1024/production/_ext/1375476428/diagnostics.o
 .comment       0x00000000       0x3d build/V3_MCF1024/production/_ext/1375476428/fastmath.o
 .comment       0x00000000       0x3d build/V3_MCF1024/production/_ext/1375476428/tuning.o
 .comment       0x00000000       0x3d build/V3_MCF1024/production/_ext/1375476428/device_stat.o
 .comment       0x00000000       0x3d build/V3_MCF1024/production/_ext/1200941409/application_software.o
 .comment       0x00000000       0x3d build/V3_MCF1024/production/_ext/1200941409/fault.o
 .comment       0x00000000       0x3d build/V3_MCF1024/production/_ext/1200941409/state_engine.o
 .comment       0x00000000       0x3d build/V3_MCF1024/production/_ext/1360937237/main.o
 .comment       0x00000000       0x3d /opt/microchip/xc32/v2.50/bin/bin/../../lib/gcc/pic32mx/4.8.3/../../../../pic32mx/lib/fpu64/libpic32.a(default-on-reset.o)
 .comment       0x00000000       0x3d /opt/microchip/xc32/v2.50/bin/bin/../../lib/gcc/pic32mx/4.8.3/../../../../pic32mx/lib/fpu64/libpic32.a(default-on-bootstrap.o)
 .comment       0x00000000       0x3d /opt/microchip/xc32/v2.50/bin/bin/../../lib/gcc/pic32mx/4.8.3/../../../../pic32mx/lib/fpu64/libpic32.a(defaultinterrupt.o)
 .comment       0x00000000       0x3d /opt/microchip/xc32/v2.50/bin/bin/../../lib/gcc/pic32mx/4.8.3/../../../../pic32mx/lib/fpu64/libmfd.a(s_cos.o)
 .comment       0x00000000       0x3d /opt/microchip/xc32/v2.50/bin/bin/../../lib/gcc/pic32mx/4.8.3/../../../../pic32mx/lib/fpu64/libmfd.a(s_fabs.o)
 .comment       0x00000000       0x3d /opt/microchip/xc32/v2.50/bin/bin/../../lib/gcc/pic32mx/4.8.3/../../../../pic32mx/lib/fpu64/libmfd.a(s_sin.o)
 .comment       0x00000000       0x3d /opt/microchip/xc32/v2.50/bin/bin/../../lib/gcc/pic32mx/4.8.3/../../../../pic32mx/lib/fpu64/libmfd.a(pic32_w_sqrt.o)
 .comment       0x00000000       0x3d /opt/microchip/xc32/v2.50/bin/bin/../../lib/gcc/pic32mx/4.8.3/../../../../pic32mx/lib/fpu64/libmfd.a(e_rem_pio2.o)
 .comment       0x00000000       0x3d /opt/microchip/xc32/v2.50/bin/bin/../../lib/gcc/pic32mx/4.8.3/../../../../pic32mx/lib/fpu64/libmfd.a(k_cos.o)
 .comment       0x00000000       0x3d /opt/microchip/xc32/v2.50/bin/bin/../../lib/gcc/pic32mx/4.8.3/../../../../pic32mx/lib/fpu64/libmfd.a(k_sin.o)
 .comment       0x00000000       0x3d /opt/microchip/xc32/v2.50/bin/bin/../../lib/gcc/pic32mx/4.8.3/../../../../pic32mx/lib/fpu64/libpic32.a(errno.o)

.debug
 *.elf(.debug)
 *(.debug)

.line
 *.elf(.line)
 *(.line)

.debug_srcinfo
 *.elf(.debug_srcinfo)
 *(.debug_srcinfo)

.debug_sfnames
 *.elf(.debug_sfnames)
 *(.debug_sfnames)

.debug_aranges  0x00000000      0x840
 *.elf(.debug_aranges)
 *(.debug_aranges)
 .debug_aranges
                0x00000000       0x88 build/V3_MCF1024/production/_ext/1972949787/plib_adchs.o
 .debug_aranges
                0x00000088       0x28 build/V3_MCF1024/production/_ext/894868023/plib_cdac1.o
 .debug_aranges
                0x000000b0       0x28 build/V3_MCF1024/production/_ext/894868023/plib_cdac2.o
 .debug_aranges
                0x000000d8       0x28 build/V3_MCF1024/production/_ext/894868023/plib_cdac3.o
 .debug_aranges
                0x00000100       0x20 build/V3_MCF1024/production/_ext/444508452/plib_clk.o
 .debug_aranges
                0x00000120       0x58 build/V3_MCF1024/production/_ext/916064250/plib_eeprom.o
 .debug_aranges
                0x00000178       0x68 build/V3_MCF1024/production/_ext/894790895/plib_evic.o
 .debug_aranges
                0x000001e0       0x60 build/V3_MCF1024/production/_ext/894737067/plib_gpio.o
 .debug_aranges
                0x00000240       0xb0 build/V3_MCF1024/production/_ext/1961884374/plib_mcpwm.o
 .debug_aranges
                0x000002f0       0x48 build/V3_MCF1024/production/_ext/1340093086/plib_spi4_master.o
 .debug_aranges
                0x00000338       0x80 build/V3_MCF1024/production/_ext/894334124/plib_uart1.o
 .debug_aranges
                0x000003b8       0x28 build/V3_MCF1024/production/_ext/1780272356/xc32_monitor.o
 .debug_aranges
                0x000003e0       0x20 build/V3_MCF1024/production/_ext/559960290/initialization.o
 .debug_aranges
                0x00000400       0x20 build/V3_MCF1024/production/_ext/559960290/interrupts.o
 .debug_aranges
                0x00000420       0x28 build/V3_MCF1024/production/_ext/559960290/exceptions.o
 .debug_aranges
                0x00000448       0x58 build/V3_MCF1024/production/_ext/1639450193/driver_ADC.o
 .debug_aranges
                0x000004a0       0x30 build/V3_MCF1024/production/_ext/1639450193/driver_GPIO.o
 .debug_aranges
                0x000004d0       0x48 build/V3_MCF1024/production/_ext/1639450193/driver_PWM.o
 .debug_aranges
                0x00000518       0x20 build/V3_MCF1024/production/_ext/1639450193/driver_SPI.o
 .debug_aranges
                0x00000538       0x30 build/V3_MCF1024/production/_ext/1639450193/driver_UART.o
 .debug_aranges
                0x00000568       0x28 build/V3_MCF1024/production/_ext/1375476428/diagnostics.o
 .debug_aranges
                0x00000590       0x20 build/V3_MCF1024/production/_ext/1375476428/fastmath.o
 .debug_aranges
                0x000005b0       0x50 build/V3_MCF1024/production/_ext/1375476428/tuning.o
 .debug_aranges
                0x00000600       0x30 build/V3_MCF1024/production/_ext/1375476428/device_stat.o
 .debug_aranges
                0x00000630       0x60 build/V3_MCF1024/production/_ext/1200941409/application_software.o
 .debug_aranges
                0x00000690       0x20 build/V3_MCF1024/production/_ext/1200941409/fault.o
 .debug_aranges
                0x000006b0       0x30 build/V3_MCF1024/production/_ext/1200941409/state_engine.o
 .debug_aranges
                0x000006e0       0x20 build/V3_MCF1024/production/_ext/1360937237/main.o
 .debug_aranges
                0x00000700       0x20 /opt/microchip/xc32/v2.50/bin/bin/../../lib/gcc/pic32mx/4.8.3/../../../../pic32mx/lib/fpu64/libpic32.a(default-on-reset.o)
 .debug_aranges
                0x00000720       0x20 /opt/microchip/xc32/v2.50/bin/bin/../../lib/gcc/pic32mx/4.8.3/../../../../pic32mx/lib/fpu64/libpic32.a(default-on-bootstrap.o)
 .debug_aranges
                0x00000740       0x20 /opt/microchip/xc32/v2.50/bin/bin/../../lib/gcc/pic32mx/4.8.3/../../../../pic32mx/lib/fpu64/libpic32.a(defaultinterrupt.o)
 .debug_aranges
                0x00000760       0x20 /opt/microchip/xc32/v2.50/bin/bin/../../lib/gcc/pic32mx/4.8.3/../../../../pic32mx/lib/fpu64/libmfd.a(s_cos.o)
 .debug_aranges
                0x00000780       0x20 /opt/microchip/xc32/v2.50/bin/bin/../../lib/gcc/pic32mx/4.8.3/../../../../pic32mx/lib/fpu64/libmfd.a(s_fabs.o)
 .debug_aranges
                0x000007a0       0x20 /opt/microchip/xc32/v2.50/bin/bin/../../lib/gcc/pic32mx/4.8.3/../../../../pic32mx/lib/fpu64/libmfd.a(s_sin.o)
 .debug_aranges
                0x000007c0       0x20 /opt/microchip/xc32/v2.50/bin/bin/../../lib/gcc/pic32mx/4.8.3/../../../../pic32mx/lib/fpu64/libmfd.a(pic32_w_sqrt.o)
 .debug_aranges
                0x000007e0       0x20 /opt/microchip/xc32/v2.50/bin/bin/../../lib/gcc/pic32mx/4.8.3/../../../../pic32mx/lib/fpu64/libmfd.a(e_rem_pio2.o)
 .debug_aranges
                0x00000800       0x20 /opt/microchip/xc32/v2.50/bin/bin/../../lib/gcc/pic32mx/4.8.3/../../../../pic32mx/lib/fpu64/libmfd.a(k_cos.o)
 .debug_aranges
                0x00000820       0x20 /opt/microchip/xc32/v2.50/bin/bin/../../lib/gcc/pic32mx/4.8.3/../../../../pic32mx/lib/fpu64/libmfd.a(k_sin.o)

.debug_pubnames
 *.elf(.debug_pubnames)
 *(.debug_pubnames)

.debug_info     0x00000000     0xcaa5
 *.elf(.debug_info .gnu.linkonce.wi.*)
 *(.debug_info .gnu.linkonce.wi.*)
 .debug_info    0x00000000     0x12f4 build/V3_MCF1024/production/_ext/1972949787/plib_adchs.o
 .debug_info    0x000012f4      0x289 build/V3_MCF1024/production/_ext/894868023/plib_cdac1.o
 .debug_info    0x0000157d      0x289 build/V3_MCF1024/production/_ext/894868023/plib_cdac2.o
 .debug_info    0x00001806      0x289 build/V3_MCF1024/production/_ext/894868023/plib_cdac3.o
 .debug_info    0x00001a8f      0x3ae build/V3_MCF1024/production/_ext/444508452/plib_clk.o
 .debug_info    0x00001e3d      0x84c build/V3_MCF1024/production/_ext/916064250/plib_eeprom.o
 .debug_info    0x00002689     0x19aa build/V3_MCF1024/production/_ext/894790895/plib_evic.o
 .debug_info    0x00004033      0x6fe build/V3_MCF1024/production/_ext/894737067/plib_gpio.o
 .debug_info    0x00004731      0xbc7 build/V3_MCF1024/production/_ext/1961884374/plib_mcpwm.o
 .debug_info    0x000052f8      0x73b build/V3_MCF1024/production/_ext/1340093086/plib_spi4_master.o
 .debug_info    0x00005a33      0x85f build/V3_MCF1024/production/_ext/894334124/plib_uart1.o
 .debug_info    0x00006292      0x198 build/V3_MCF1024/production/_ext/1780272356/xc32_monitor.o
 .debug_info    0x0000642a      0x483 build/V3_MCF1024/production/_ext/559960290/initialization.o
 .debug_info    0x000068ad      0x1c3 build/V3_MCF1024/production/_ext/559960290/interrupts.o
 .debug_info    0x00006a70      0x2c9 build/V3_MCF1024/production/_ext/559960290/exceptions.o
 .debug_info    0x00006d39      0xc90 build/V3_MCF1024/production/_ext/1639450193/driver_ADC.o
 .debug_info    0x000079c9      0x366 build/V3_MCF1024/production/_ext/1639450193/driver_GPIO.o
 .debug_info    0x00007d2f      0x7e8 build/V3_MCF1024/production/_ext/1639450193/driver_PWM.o
 .debug_info    0x00008517      0x3db build/V3_MCF1024/production/_ext/1639450193/driver_SPI.o
 .debug_info    0x000088f2      0x5f6 build/V3_MCF1024/production/_ext/1639450193/driver_UART.o
 .debug_info    0x00008ee8      0x2d3 build/V3_MCF1024/production/_ext/1375476428/diagnostics.o
 .debug_info    0x000091bb      0x2af build/V3_MCF1024/production/_ext/1375476428/fastmath.o
 .debug_info    0x0000946a      0xe03 build/V3_MCF1024/production/_ext/1375476428/tuning.o
 .debug_info    0x0000a26d      0x399 build/V3_MCF1024/production/_ext/1375476428/device_stat.o
 .debug_info    0x0000a606      0xa83 build/V3_MCF1024/production/_ext/1200941409/application_software.o
 .debug_info    0x0000b089      0x1d4 build/V3_MCF1024/production/_ext/1200941409/fault.o
 .debug_info    0x0000b25d      0xe49 build/V3_MCF1024/production/_ext/1200941409/state_engine.o
 .debug_info    0x0000c0a6      0x222 build/V3_MCF1024/production/_ext/1360937237/main.o
 .debug_info    0x0000c2c8       0xcd /opt/microchip/xc32/v2.50/bin/bin/../../lib/gcc/pic32mx/4.8.3/../../../../pic32mx/lib/fpu64/libpic32.a(default-on-reset.o)
 .debug_info    0x0000c395       0xd5 /opt/microchip/xc32/v2.50/bin/bin/../../lib/gcc/pic32mx/4.8.3/../../../../pic32mx/lib/fpu64/libpic32.a(default-on-bootstrap.o)
 .debug_info    0x0000c46a       0xe7 /opt/microchip/xc32/v2.50/bin/bin/../../lib/gcc/pic32mx/4.8.3/../../../../pic32mx/lib/fpu64/libpic32.a(defaultinterrupt.o)
 .debug_info    0x0000c551       0xbc /opt/microchip/xc32/v2.50/bin/bin/../../lib/gcc/pic32mx/4.8.3/../../../../pic32mx/lib/fpu64/libmfd.a(s_cos.o)
 .debug_info    0x0000c60d       0xbe /opt/microchip/xc32/v2.50/bin/bin/../../lib/gcc/pic32mx/4.8.3/../../../../pic32mx/lib/fpu64/libmfd.a(s_fabs.o)
 .debug_info    0x0000c6cb       0xbc /opt/microchip/xc32/v2.50/bin/bin/../../lib/gcc/pic32mx/4.8.3/../../../../pic32mx/lib/fpu64/libmfd.a(s_sin.o)
 .debug_info    0x0000c787       0xca /opt/microchip/xc32/v2.50/bin/bin/../../lib/gcc/pic32mx/4.8.3/../../../../pic32mx/lib/fpu64/libmfd.a(pic32_w_sqrt.o)
 .debug_info    0x0000c851       0xce /opt/microchip/xc32/v2.50/bin/bin/../../lib/gcc/pic32mx/4.8.3/../../../../pic32mx/lib/fpu64/libmfd.a(e_rem_pio2.o)
 .debug_info    0x0000c91f       0xc3 /opt/microchip/xc32/v2.50/bin/bin/../../lib/gcc/pic32mx/4.8.3/../../../../pic32mx/lib/fpu64/libmfd.a(k_cos.o)
 .debug_info    0x0000c9e2       0xc3 /opt/microchip/xc32/v2.50/bin/bin/../../lib/gcc/pic32mx/4.8.3/../../../../pic32mx/lib/fpu64/libmfd.a(k_sin.o)

.debug_abbrev   0x00000000     0x1db1
 *.elf(.debug_abbrev)
 *(.debug_abbrev)
 .debug_abbrev  0x00000000      0x15f build/V3_MCF1024/production/_ext/1972949787/plib_adchs.o
 .debug_abbrev  0x0000015f       0xb9 build/V3_MCF1024/production/_ext/894868023/plib_cdac1.o
 .debug_abbrev  0x00000218       0xb9 build/V3_MCF1024/production/_ext/894868023/plib_cdac2.o
 .debug_abbrev  0x000002d1       0xb9 build/V3_MCF1024/production/_ext/894868023/plib_cdac3.o
 .debug_abbrev  0x0000038a       0x94 build/V3_MCF1024/production/_ext/444508452/plib_clk.o
 .debug_abbrev  0x0000041e      0x17b build/V3_MCF1024/production/_ext/916064250/plib_eeprom.o
 .debug_abbrev  0x00000599      0x10b build/V3_MCF1024/production/_ext/894790895/plib_evic.o
 .debug_abbrev  0x000006a4      0x108 build/V3_MCF1024/production/_ext/894737067/plib_gpio.o
 .debug_abbrev  0x000007ac      0x1b2 build/V3_MCF1024/production/_ext/1961884374/plib_mcpwm.o
 .debug_abbrev  0x0000095e      0x12b build/V3_MCF1024/production/_ext/1340093086/plib_spi4_master.o
 .debug_abbrev  0x00000a89      0x1ae build/V3_MCF1024/production/_ext/894334124/plib_uart1.o
 .debug_abbrev  0x00000c37       0x7a build/V3_MCF1024/production/_ext/1780272356/xc32_monitor.o
 .debug_abbrev  0x00000cb1       0xd5 build/V3_MCF1024/production/_ext/559960290/initialization.o
 .debug_abbrev  0x00000d86       0x57 build/V3_MCF1024/production/_ext/559960290/interrupts.o
 .debug_abbrev  0x00000ddd       0x6b build/V3_MCF1024/production/_ext/559960290/exceptions.o
 .debug_abbrev  0x00000e48      0x1ab build/V3_MCF1024/production/_ext/1639450193/driver_ADC.o
 .debug_abbrev  0x00000ff3       0xdc build/V3_MCF1024/production/_ext/1639450193/driver_GPIO.o
 .debug_abbrev  0x000010cf      0x115 build/V3_MCF1024/production/_ext/1639450193/driver_PWM.o
 .debug_abbrev  0x000011e4       0xde build/V3_MCF1024/production/_ext/1639450193/driver_SPI.o
 .debug_abbrev  0x000012c2      0x16d build/V3_MCF1024/production/_ext/1639450193/driver_UART.o
 .debug_abbrev  0x0000142f       0xc1 build/V3_MCF1024/production/_ext/1375476428/diagnostics.o
 .debug_abbrev  0x000014f0       0xd5 build/V3_MCF1024/production/_ext/1375476428/fastmath.o
 .debug_abbrev  0x000015c5      0x16f build/V3_MCF1024/production/_ext/1375476428/tuning.o
 .debug_abbrev  0x00001734       0xd3 build/V3_MCF1024/production/_ext/1375476428/device_stat.o
 .debug_abbrev  0x00001807      0x1aa build/V3_MCF1024/production/_ext/1200941409/application_software.o
 .debug_abbrev  0x000019b1       0x95 build/V3_MCF1024/production/_ext/1200941409/fault.o
 .debug_abbrev  0x00001a46      0x148 build/V3_MCF1024/production/_ext/1200941409/state_engine.o
 .debug_abbrev  0x00001b8e       0x93 build/V3_MCF1024/production/_ext/1360937237/main.o
 .debug_abbrev  0x00001c21       0x28 /opt/microchip/xc32/v2.50/bin/bin/../../lib/gcc/pic32mx/4.8.3/../../../../pic32mx/lib/fpu64/libpic32.a(default-on-reset.o)
 .debug_abbrev  0x00001c49       0x28 /opt/microchip/xc32/v2.50/bin/bin/../../lib/gcc/pic32mx/4.8.3/../../../../pic32mx/lib/fpu64/libpic32.a(default-on-bootstrap.o)
 .debug_abbrev  0x00001c71       0x28 /opt/microchip/xc32/v2.50/bin/bin/../../lib/gcc/pic32mx/4.8.3/../../../../pic32mx/lib/fpu64/libpic32.a(defaultinterrupt.o)
 .debug_abbrev  0x00001c99       0x28 /opt/microchip/xc32/v2.50/bin/bin/../../lib/gcc/pic32mx/4.8.3/../../../../pic32mx/lib/fpu64/libmfd.a(s_cos.o)
 .debug_abbrev  0x00001cc1       0x28 /opt/microchip/xc32/v2.50/bin/bin/../../lib/gcc/pic32mx/4.8.3/../../../../pic32mx/lib/fpu64/libmfd.a(s_fabs.o)
 .debug_abbrev  0x00001ce9       0x28 /opt/microchip/xc32/v2.50/bin/bin/../../lib/gcc/pic32mx/4.8.3/../../../../pic32mx/lib/fpu64/libmfd.a(s_sin.o)
 .debug_abbrev  0x00001d11       0x28 /opt/microchip/xc32/v2.50/bin/bin/../../lib/gcc/pic32mx/4.8.3/../../../../pic32mx/lib/fpu64/libmfd.a(pic32_w_sqrt.o)
 .debug_abbrev  0x00001d39       0x28 /opt/microchip/xc32/v2.50/bin/bin/../../lib/gcc/pic32mx/4.8.3/../../../../pic32mx/lib/fpu64/libmfd.a(e_rem_pio2.o)
 .debug_abbrev  0x00001d61       0x28 /opt/microchip/xc32/v2.50/bin/bin/../../lib/gcc/pic32mx/4.8.3/../../../../pic32mx/lib/fpu64/libmfd.a(k_cos.o)
 .debug_abbrev  0x00001d89       0x28 /opt/microchip/xc32/v2.50/bin/bin/../../lib/gcc/pic32mx/4.8.3/../../../../pic32mx/lib/fpu64/libmfd.a(k_sin.o)

.debug_line     0x00000000     0x39ae
 *.elf(.debug_line)
 *(.debug_line)
 .debug_line    0x00000000      0x27f build/V3_MCF1024/production/_ext/1972949787/plib_adchs.o
 .debug_line    0x0000027f      0x14c build/V3_MCF1024/production/_ext/894868023/plib_cdac1.o
 .debug_line    0x000003cb      0x14c build/V3_MCF1024/production/_ext/894868023/plib_cdac2.o
 .debug_line    0x00000517      0x14c build/V3_MCF1024/production/_ext/894868023/plib_cdac3.o
 .debug_line    0x00000663      0x142 build/V3_MCF1024/production/_ext/444508452/plib_clk.o
 .debug_line    0x000007a5      0x207 build/V3_MCF1024/production/_ext/916064250/plib_eeprom.o
 .debug_line    0x000009ac      0x1f4 build/V3_MCF1024/production/_ext/894790895/plib_evic.o
 .debug_line    0x00000ba0      0x1e5 build/V3_MCF1024/production/_ext/894737067/plib_gpio.o
 .debug_line    0x00000d85      0x318 build/V3_MCF1024/production/_ext/1961884374/plib_mcpwm.o
 .debug_line    0x0000109d      0x26b build/V3_MCF1024/production/_ext/1340093086/plib_spi4_master.o